Component: Arm Compiler for Embedded 6.23 Tool: armlink [5f102400]

==============================================================================

Section Cross References

    startup_stm32f407xx.o(RESET) refers to startup_stm32f407xx.o(STACK) for __initial_sp
    startup_stm32f407xx.o(RESET) refers to startup_stm32f407xx.o(.text) for Reset_Handler
    startup_stm32f407xx.o(RESET) refers to stm32f4xx_it.o(.text.NMI_Handler) for NMI_Handler
    startup_stm32f407xx.o(RESET) refers to stm32f4xx_it.o(.text.HardFault_Handler) for HardFault_Handler
    startup_stm32f407xx.o(RESET) refers to stm32f4xx_it.o(.text.MemManage_Handler) for MemManage_Handler
    startup_stm32f407xx.o(RESET) refers to stm32f4xx_it.o(.text.BusFault_Handler) for BusFault_Handler
    startup_stm32f407xx.o(RESET) refers to stm32f4xx_it.o(.text.UsageFault_Handler) for UsageFault_Handler
    startup_stm32f407xx.o(RESET) refers to stm32f4xx_it.o(.text.SVC_Handler) for SVC_Handler
    startup_stm32f407xx.o(RESET) refers to stm32f4xx_it.o(.text.DebugMon_Handler) for DebugMon_Handler
    startup_stm32f407xx.o(RESET) refers to stm32f4xx_it.o(.text.PendSV_Handler) for PendSV_Handler
    startup_stm32f407xx.o(RESET) refers to stm32f4xx_it.o(.text.SysTick_Handler) for SysTick_Handler
    startup_stm32f407xx.o(RESET) refers to stm32f4xx_it.o(.text.TIM5_IRQHandler) for TIM5_IRQHandler
    startup_stm32f407xx.o(RESET) refers to stm32f4xx_it.o(.text.TIM6_DAC_IRQHandler) for TIM6_DAC_IRQHandler
    startup_stm32f407xx.o(RESET) refers to stm32f4xx_it.o(.text.TIM7_IRQHandler) for TIM7_IRQHandler
    startup_stm32f407xx.o(.text) refers to system_stm32f4xx.o(.text.SystemInit) for SystemInit
    startup_stm32f407xx.o(.text) refers to entry.o(.ARM.Collect$$$$00000000) for __main
    main.o(.text.main) refers to stm32f4xx_hal.o(.text.HAL_Init) for HAL_Init
    main.o(.text.main) refers to main.o(.text.SystemClock_Config) for SystemClock_Config
    main.o(.text.main) refers to stm32f4xx_hal.o(.text.HAL_Delay) for HAL_Delay
    main.o(.text.main) refers to gpio.o(.text.MX_GPIO_Init) for MX_GPIO_Init
    main.o(.text.main) refers to i2c.o(.text.MX_I2C1_Init) for MX_I2C1_Init
    main.o(.text.main) refers to tim.o(.text.MX_TIM1_Init) for MX_TIM1_Init
    main.o(.text.main) refers to tim.o(.text.MX_TIM2_Init) for MX_TIM2_Init
    main.o(.text.main) refers to tim.o(.text.MX_TIM3_Init) for MX_TIM3_Init
    main.o(.text.main) refers to tim.o(.text.MX_TIM4_Init) for MX_TIM4_Init
    main.o(.text.main) refers to tim.o(.text.MX_TIM6_Init) for MX_TIM6_Init
    main.o(.text.main) refers to i2c.o(.text.MX_I2C2_Init) for MX_I2C2_Init
    main.o(.text.main) refers to i2c.o(.text.MX_I2C3_Init) for MX_I2C3_Init
    main.o(.text.main) refers to tim.o(.text.MX_TIM5_Init) for MX_TIM5_Init
    main.o(.text.main) refers to tim.o(.text.MX_TIM7_Init) for MX_TIM7_Init
    main.o(.text.main) refers to tim.o(.text.MX_TIM8_Init) for MX_TIM8_Init
    main.o(.text.main) refers to tim.o(.text.MX_TIM9_Init) for MX_TIM9_Init
    main.o(.text.main) refers to tim.o(.text.MX_TIM12_Init) for MX_TIM12_Init
    main.o(.text.main) refers to main.o(.bss.Car_pid) for Car_pid
    main.o(.text.main) refers to pid.o(.text.PID_Init) for PID_Init
    main.o(.text.main) refers to tim.o(.bss.htim1) for htim1
    main.o(.text.main) refers to stm32f4xx_hal_tim.o(.text.HAL_TIM_PWM_Init) for HAL_TIM_PWM_Init
    main.o(.text.main) refers to tim.o(.bss.htim2) for htim2
    main.o(.text.main) refers to tim.o(.bss.htim3) for htim3
    main.o(.text.main) refers to tim.o(.bss.htim4) for htim4
    main.o(.text.main) refers to tim.o(.bss.htim5) for htim5
    main.o(.text.main) refers to stm32f4xx_hal_tim.o(.text.HAL_TIM_PWM_Start) for HAL_TIM_PWM_Start
    main.o(.text.main) refers to i2c.o(.bss.hi2c1) for hi2c1
    main.o(.text.main) refers to i2c.o(.text.HAL_I2C_MspInit) for HAL_I2C_MspInit
    main.o(.text.main) refers to i2c.o(.bss.hi2c2) for hi2c2
    main.o(.text.main) refers to ultrasonic.o(.text.Ultrasonic_Init) for Ultrasonic_Init
    main.o(.text.main) refers to stm32f4xx_hal_tim.o(.text.HAL_TIM_Base_Start_IT) for HAL_TIM_Base_Start_IT
    main.o(.text.main) refers to tim.o(.bss.htim6) for htim6
    main.o(.text.main) refers to main.o(.bss.Sensor_Front) for Sensor_Front
    main.o(.text.main) refers to sensor.o(.text.Get_Sensor) for Get_Sensor
    main.o(.text.main) refers to main.o(.bss.Sensor_Right) for Sensor_Right
    main.o(.text.main) refers to main.o(.bss.Sensor_Left) for Sensor_Left
    main.o(.text.main) refers to main.o(.text.Get_Front_dis) for Get_Front_dis
    main.o(.text.main) refers to main.o(.text.Get_Left_dis) for Get_Left_dis
    main.o(.text.main) refers to main.o(.text.Get_right_dis) for Get_right_dis
    main.o(.text.main) refers to status.o(.text.Obstacle_find) for Obstacle_find
    main.o(.ARM.exidx.text.main) refers to main.o(.text.main) for [Anonymous Symbol]
    main.o(.text.SystemClock_Config) refers to memseta.o(.text) for __aeabi_memclr4
[...]
    tim.c                                    0x00000000   Number         0  tim.o ABSOLUTE
    RESET                                    0x08000000   Section      392  startup_stm32f407xx.o(RESET)
    .ARM.Collect$$$$00000000                 0x08000188   Section        0  entry.o(.ARM.Collect$$$$00000000)
    .ARM.Collect$$$$00000001                 0x08000188   Section        4  entry2.o(.ARM.Collect$$$$00000001)
    .ARM.Collect$$$$00000004                 0x0800018c   Section        4  entry5.o(.ARM.Collect$$$$00000004)
    .ARM.Collect$$$$00000008                 0x08000190   Section        0  entry7b.o(.ARM.Collect$$$$00000008)
    .ARM.Collect$$$$0000000A                 0x08000190   Section        0  entry8b.o(.ARM.Collect$$$$0000000A)
    .ARM.Collect$$$$0000000B                 0x08000190   Section        8  entry9a.o(.ARM.Collect$$$$0000000B)
    __lit__00000000                          0x08000198   Data           4  entry2.o(.ARM.Collect$$$$00002712)
    .ARM.Collect$$$$0000000D                 0x08000198   Section        0  entry10a.o(.ARM.Collect$$$$0000000D)
    .ARM.Collect$$$$0000000F                 0x08000198   Section        0  entry11a.o(.ARM.Collect$$$$0000000F)
    .ARM.Collect$$$$00002712                 0x08000198   Section        4  entry2.o(.ARM.Collect$$$$00002712)
    $v0                                      0x0800019c   Number         0  startup_stm32f407xx.o(.text)
    .text                                    0x0800019c   Section       36  startup_stm32f407xx.o(.text)
    .text                                    0x080001c0   Section        0  uldiv.o(.text)
    .text                                    0x08000222   Section        0  memseta.o(.text)
    .text                                    0x08000246   Section        0  dadd.o(.text)
    .text                                    0x08000394   Section        0  dmul.o(.text)
    .text                                    0x08000478   Section        0  ddiv.o(.text)
    .text                                    0x08000556   Section        0  dcmplt.o(.text)
    .text                                    0x0800058c   Section        0  dcmpgt.o(.text)
    .text                                    0x080005c2   Section        0  dcmpeq.o(.text)
    .text                                    0x080005fa   Section        0  dfltui.o(.text)
    .text                                    0x08000614   Section        0  f2d.o(.text)
    .text                                    0x0800063a   Section        0  d2f.o(.text)
    .text                                    0x08000672   Section        0  llshl.o(.text)
    .text                                    0x08000690   Section        0  llushr.o(.text)
    .text                                    0x080006b0   Section        0  llsshr.o(.text)
    .text                                    0x080006d4   Section        0  iusefp.o(.text)
    .text                                    0x080006d4   Section        0  fepilogue.o(.text)
    .text                                    0x08000742   Section        0  depilogue.o(.text)
    .text                                    0x080007fc   Section       48  init.o(.text)
    [Anonymous Symbol]                       0x0800082c   Section        0  stm32f4xx_it.o(.text.BusFault_Handler)
    [Anonymous Symbol]                       0x08000830   Section        0  status.o(.text.Car_Status)
    __arm_cp.0_4                             0x08000e9c   Number         4  status.o(.text.Car_Status)
    __arm_cp.0_5                             0x08000ea0   Number         4  status.o(.text.Car_Status)
    [Anonymous Symbol]                       0x08001128   Section        0  stm32f4xx_it.o(.text.DebugMon_Handler)
    [Anonymous Symbol]                       0x0800112c   Section        0  sensor.o(.text.Detect_Line_F)
    [Anonymous Symbol]                       0x0800129c   Section        0  sensor.o(.text.Detect_Line_L)
    [Anonymous Symbol]                       0x08001410   Section        0  sensor.o(.text.Detect_Line_R)
    [Anonymous Symbol]                       0x08001584   Section        0  main.o(.text.Error_Handler)
    [Anonymous Symbol]                       0x0800158c   Section        0  pid.o(.text.GetPID)
    [Anonymous Symbol]                       0x0800165c   Section        0  chassis.o(.text.Get_Back)
    [Anonymous Symbol]                       0x080016ac   Section        0  main.o(.text.Get_Front_dis)
    [Anonymous Symbol]                       0x080017d0   Section        0  main.o(.text.Get_Left_dis)
    [Anonymous Symbol]                       0x080018f4   Section        0  sensor.o(.text.Get_Sensor)
    [Anonymous Symbol]                       0x080019d0   Section        0  main.o(.text.Get_right_dis)
    [Anonymous Symbol]                       0x08001af8   Section        0  chassis.o(.text.Go)
    [Anonymous Symbol]                       0x08001f08   Section        0  chassis.o(.text.Go_Forward)
    [Anonymous Symbol]                       0x08001f58   Section        0  chassis.o(.text.Go_Left)
    [Anonymous Symbol]                       0x08001fa8   Section        0  chassis.o(.text.Go_Right)
    [Anonymous Symbol]                       0x08001ff8   Section        0  stm32f4xx_hal.o(.text.HAL_Delay)
    [Anonymous Symbol]                       0x0800203c   Section        0  stm32f4xx_hal_gpio.o(.text.HAL_GPIO_Init)
    [Anonymous Symbol]                       0x080023f4   Section        0  stm32f4xx_hal_gpio.o(.text.HAL_GPIO_WritePin)
    [Anonymous Symbol]                       0x08002424   Section        0  stm32f4xx_hal.o(.text.HAL_GetTick)
    [Anonymous Symbol]                       0x08002430   Section        0  stm32f4xx_hal_i2c.o(.text.HAL_I2C_Init)
    [Anonymous Symbol]                       0x080026d4   Section        0  stm32f4xx_hal_i2c.o(.text.HAL_I2C_Mem_Read)
    [Anonymous Symbol]                       0x08002b1c   Section        0  i2c.o(.text.HAL_I2C_MspInit)
    [Anonymous Symbol]                       0x08002cfc   Section        0  stm32f4xx_hal.o(.text.HAL_IncTick)
    [Anonymous Symbol]                       0x08002d18   Section        0  stm32f4xx_hal.o(.text.HAL_Init)
    [Anonymous Symbol]                       0x08002d50   Section        0  stm32f4xx_hal.o(.text.HAL_InitTick)
    [Anonymous Symbol]                       0x08002dc0   Section        0  stm32f4xx_hal_msp.o(.text.HAL_MspInit)
    [Anonymous Symbol]                       0x08002e0c   Section        0  stm32f4xx_hal_cortex.o(.text.HAL_NVIC_EnableIRQ)
    [Anonymous Symbol]                       0x08002e20   Section        0  stm32f4xx_hal_cortex.o(.text.HAL_NVIC_SetPriority)
    [Anonymous Symbol]                       0x08002e54   Section        0  stm32f4xx_hal_cortex.o(.text.HAL_NVIC_SetPriorityGrouping)
    [Anonymous Symbol]                       0x08002e64   Section        0  stm32f4xx_hal_rcc.o(.text.HAL_RCC_ClockConfig)
    [Anonymous Symbol]                       0x080030c8   Section        0  stm32f4xx_hal_rcc.o(.text.HAL_RCC_GetHCLKFreq)
    [Anonymous Symbol]                       0x080030d4   Section        0  stm32f4xx_hal_rcc.o(.text.HAL_RCC_GetPCLK1Freq)
    [Anonymous Symbol]                       0x080030f8   Section        0  stm32f4xx_hal_rcc.o(.text.HAL_RCC_GetSysClockFreq)
    [Anonymous Symbol]                       0x080031e0   Section        0  stm32f4xx_hal_rcc.o(.text.HAL_RCC_OscConfig)
    [Anonymous Symbol]                       0x080038a0   Section        0  stm32f4xx_hal_cortex.o(.text.HAL_SYSTICK_Config)
    [Anonymous Symbol]                       0x080038b0   Section        0  stm32f4xx_hal_tim_ex.o(.text.HAL_TIMEx_BreakCallback)
    [Anonymous Symbol]                       0x080038b8   Section        0  stm32f4xx_hal_tim_ex.o(.text.HAL_TIMEx_CommutCallback)
    [Anonymous Symbol]                       0x080038c0   Section        0  stm32f4xx_hal_tim_ex.o(.text.HAL_TIMEx_ConfigBreakDeadTime)
    [Anonymous Symbol]                       0x08003974   Section        0  stm32f4xx_hal_tim_ex.o(.text.HAL_TIMEx_MasterConfigSynchronization)
    [Anonymous Symbol]                       0x08003a98   Section        0  stm32f4xx_hal_tim.o(.text.HAL_TIM_Base_Init)
    [Anonymous Symbol]                       0x08003b34   Section        0  tim.o(.text.HAL_TIM_Base_MspInit)
    [Anonymous Symbol]                       0x08003e70   Section        0  stm32f4xx_hal_tim.o(.text.HAL_TIM_Base_Start_IT)
    [Anonymous Symbol]                       0x08003f68   Section        0  stm32f4xx_hal_tim.o(.text.HAL_TIM_ConfigClockSource)
    [Anonymous Symbol]                       0x080040ec   Section        0  stm32f4xx_hal_tim.o(.text.HAL_TIM_IC_CaptureCallback)
    [Anonymous Symbol]                       0x080040f4   Section        0  stm32f4xx_hal_tim.o(.text.HAL_TIM_IC_ConfigChannel)
    [Anonymous Symbol]                       0x08004224   Section        0  stm32f4xx_hal_tim.o(.text.HAL_TIM_IC_Init)
    [Anonymous Symbol]                       0x080042c0   Section        0  stm32f4xx_hal_tim.o(.text.HAL_TIM_IC_MspInit)
    [Anonymous Symbol]                       0x080042c8   Section        0  stm32f4xx_hal_tim.o(.text.HAL_TIM_IC_Start)
    [Anonymous Symbol]                       0x08004500   Section        0  stm32f4xx_hal_tim.o(.text.HAL_TIM_IC_Stop)
    [Anonymous Symbol]                       0x080045ec   Section        0  stm32f4xx_hal_tim.o(.text.HAL_TIM_IRQHandler)
    [Anonymous Symbol]                       0x08004808   Section        0  tim.o(.text.HAL_TIM_MspPostInit)
    [Anonymous Symbol]                       0x080049c0   Section        0  stm32f4xx_hal_tim.o(.text.HAL_TIM_OC_DelayElapsedCallback)
    [Anonymous Symbol]                       0x080049c8   Section        0  stm32f4xx_hal_tim.o(.text.HAL_TIM_PWM_ConfigChannel)
    [Anonymous Symbol]                       0x08004b0c   Section        0  stm32f4xx_hal_tim.o(.text.HAL_TIM_PWM_Init)
    [Anonymous Symbol]                       0x08004ba8   Section        0  stm32f4xx_hal_tim.o(.text.HAL_TIM_PWM_MspInit)
    [Anonymous Symbol]                       0x08004bb0   Section        0  stm32f4xx_hal_tim.o(.text.HAL_TIM_PWM_PulseFinishedCallback)
    [Anonymous Symbol]                       0x08004bb8   Section        0  stm32f4xx_hal_tim.o(.text.HAL_TIM_PWM_Start)
    [Anonymous Symbol]                       0x08004d84   Section        0  main.o(.text.HAL_TIM_PeriodElapsedCallback)
    [Anonymous Symbol]                       0x08004dc0   Section        0  stm32f4xx_hal_tim.o(.text.HAL_TIM_TriggerCallback)
    [Anonymous Symbol]                       0x08004dc8   Section        0  stm32f4xx_it.o(.text.HardFault_Handler)
    I2C_IsAcknowledgeFailed                  0x08004dcd   Thumb Code   100  stm32f4xx_hal_i2c.o(.text.I2C_IsAcknowledgeFailed)
    [Anonymous Symbol]                       0x08004dcc   Section        0  stm32f4xx_hal_i2c.o(.text.I2C_IsAcknowledgeFailed)
    I2C_RequestMemoryRead                    0x08004e31   Thumb Code   482  stm32f4xx_hal_i2c.o(.text.I2C_RequestMemoryRead)
    [Anonymous Symbol]                       0x08004e30   Section        0  stm32f4xx_hal_i2c.o(.text.I2C_RequestMemoryRead)
    I2C_WaitOnFlagUntilTimeout               0x08005015   Thumb Code   264  stm32f4xx_hal_i2c.o(.text.I2C_WaitOnFlagUntilTimeout)
    [Anonymous Symbol]                       0x08005014   Section        0  stm32f4xx_hal_i2c.o(.text.I2C_WaitOnFlagUntilTimeout)
    I2C_WaitOnMasterAddressFlagUntilTimeout  0x0800511d   Thumb Code   340  stm32f4xx_hal_i2c.o(.text.I2C_WaitOnMasterAddressFlagUntilTimeout)
    [Anonymous Symbol]                       0x0800511c   Section        0  stm32f4xx_hal_i2c.o(.text.I2C_WaitOnMasterAddressFlagUntilTimeout)
    I2C_WaitOnRXNEFlagUntilTimeout           0x08005271   Thumb Code   220  stm32f4xx_hal_i2c.o(.text.I2C_WaitOnRXNEFlagUntilTimeout)
    [Anonymous Symbol]                       0x08005270   Section        0  stm32f4xx_hal_i2c.o(.text.I2C_WaitOnRXNEFlagUntilTimeout)
    I2C_WaitOnTXEFlagUntilTimeout            0x0800534d   Thumb Code   168  stm32f4xx_hal_i2c.o(.text.I2C_WaitOnTXEFlagUntilTimeout)
    [Anonymous Symbol]                       0x0800534c   Section        0  stm32f4xx_hal_i2c.o(.text.I2C_WaitOnTXEFlagUntilTimeout)
    [Anonymous Symbol]                       0x080053f4   Section        0  hiic.o(.text.IIC_Get_Digtal)
    [Anonymous Symbol]                       0x08005410   Section        0  hiic.o(.text.IIC_Get_Digtal2)
    [Anonymous Symbol]                       0x0800542c   Section        0  hiic.o(.text.IIC_Get_Digtal3)
    [Anonymous Symbol]                       0x08005448   Section        0  hiic.o(.text.IIC_ReadBytes)
    [Anonymous Symbol]                       0x08005490   Section        0  hiic.o(.text.IIC_ReadBytes2)
    [Anonymous Symbol]                       0x080054d8   Section        0  hiic.o(.text.IIC_ReadBytes3)
    [Anonymous Symbol]                       0x08005520   Section        0  gpio.o(.text.MX_GPIO_Init)
    [Anonymous Symbol]                       0x080056c4   Section        0  i2c.o(.text.MX_I2C1_Init)
    [Anonymous Symbol]                       0x0800570c   Section        0  i2c.o(.text.MX_I2C2_Init)
    [Anonymous Symbol]                       0x08005754   Section        0  i2c.o(.text.MX_I2C3_Init)
    [Anonymous Symbol]                       0x0800579c   Section        0  tim.o(.text.MX_TIM12_Init)
    [Anonymous Symbol]                       0x08005864   Section        0  tim.o(.text.MX_TIM1_Init)
    [Anonymous Symbol]                       0x08005980   Section        0  tim.o(.text.MX_TIM2_Init)
    [Anonymous Symbol]                       0x08005a54   Section        0  tim.o(.text.MX_TIM3_Init)
    [Anonymous Symbol]                       0x08005b2c   Section        0  tim.o(.text.MX_TIM4_Init)
    [Anonymous Symbol]                       0x08005c04   Section        0  tim.o(.text.MX_TIM5_Init)
    [Anonymous Symbol]                       0x08005cdc   Section        0  tim.o(.text.MX_TIM6_Init)
    [Anonymous Symbol]                       0x08005d38   Section        0  tim.o(.text.MX_TIM7_Init)
    [Anonymous Symbol]                       0x08005d94   Section        0  tim.o(.text.MX_TIM8_Init)
    [Anonymous Symbol]                       0x08005e80   Section        0  tim.o(.text.MX_TIM9_Init)
    [Anonymous Symbol]                       0x08005f48   Section        0  stm32f4xx_it.o(.text.MemManage_Handler)
    [Anonymous Symbol]                       0x08005f50   Section        0  pid.o(.text.Motor_pid)
    [Anonymous Symbol]                       0x080062d8   Section        0  stm32f4xx_it.o(.text.NMI_Handler)
    NVIC_EncodePriority                      0x080062dd   Thumb Code   108  stm32f4xx_hal_cortex.o(.text.NVIC_EncodePriority)
    [Anonymous Symbol]                       0x080062dc   Section        0  stm32f4xx_hal_cortex.o(.text.NVIC_EncodePriority)
    [Anonymous Symbol]                       0x08006348   Section        0  status.o(.text.Obstacle_find)
    [Anonymous Symbol]                       0x08006424   Section        0  pid.o(.text.PID_Init)
    [Anonymous Symbol]                       0x08006460   Section        0  stm32f4xx_it.o(.text.PendSV_Handler)
    [Anonymous Symbol]                       0x08006464   Section        0  status.o(.text.Position_begin_predict)
    [Anonymous Symbol]                       0x080064d4   Section        0  chassis.o(.text.Rotation_Deg)
    [Anonymous Symbol]                       0x08006560   Section        0  stm32f4xx_it.o(.text.SVC_Handler)
    [Anonymous Symbol]                       0x08006564   Section        0  steppermotor.o(.text.Set_Angle)
    [Anonymous Symbol]                       0x08006680   Section        0  steppermotor.o(.text.Set_Motor_Speed)
    [Anonymous Symbol]                       0x080068f8   Section        0  sensor.o(.text.Speed_Correction)
    [Anonymous Symbol]                       0x08006e10   Section        0  chassis.o(.text.Start_Trace)
    [Anonymous Symbol]                       0x08007108   Section        0  chassis.o(.text.Stop_All)
    SysTick_Config                           0x08007341   Thumb Code    82  stm32f4xx_hal_cortex.o(.text.SysTick_Config)
    [Anonymous Symbol]                       0x08007340   Section        0  stm32f4xx_hal_cortex.o(.text.SysTick_Config)
    [Anonymous Symbol]                       0x08007394   Section        0  stm32f4xx_it.o(.text.SysTick_Handler)
    [Anonymous Symbol]                       0x0800739c   Section        0  main.o(.text.SystemClock_Config)
    [Anonymous Symbol]                       0x08007458   Section        0  system_stm32f4xx.o(.text.SystemInit)
    [Anonymous Symbol]                       0x0800746c   Section        0  stm32f4xx_it.o(.text.TIM5_IRQHandler)
    [Anonymous Symbol]                       0x08007480   Section        0  stm32f4xx_it.o(.text.TIM6_DAC_IRQHandler)
    [Anonymous Symbol]                       0x080076f8   Section        0  stm32f4xx_it.o(.text.TIM7_IRQHandler)
    [Anonymous Symbol]                       0x08007708   Section        0  stm32f4xx_hal_tim.o(.text.TIM_Base_SetConfig)
    [Anonymous Symbol]                       0x080078ac   Section        0  stm32f4xx_hal_tim.o(.text.TIM_CCxChannelCmd)
    [Anonymous Symbol]                       0x080078e4   Section        0  stm32f4xx_hal_tim.o(.text.TIM_ETR_SetConfig)
    TIM_ITRx_SetConfig                       0x08007919   Thumb Code    42  stm32f4xx_hal_tim.o(.text.TIM_ITRx_SetConfig)
    [Anonymous Symbol]                       0x08007918   Section        0  stm32f4xx_hal_tim.o(.text.TIM_ITRx_SetConfig)
    TIM_OC1_SetConfig                        0x08007945   Thumb Code   234  stm32f4xx_hal_tim.o(.text.TIM_OC1_SetConfig)
    [Anonymous Symbol]                       0x08007944   Section        0  stm32f4xx_hal_tim.o(.text.TIM_OC1_SetConfig)
    [Anonymous Symbol]                       0x08007a30   Section        0  stm32f4xx_hal_tim.o(.text.TIM_OC2_SetConfig)
    TIM_OC3_SetConfig                        0x08007b25   Thumb Code   242  stm32f4xx_hal_tim.o(.text.TIM_OC3_SetConfig)
    [Anonymous Symbol]                       0x08007b24   Section        0  stm32f4xx_hal_tim.o(.text.TIM_OC3_SetConfig)
    TIM_OC4_SetConfig                        0x08007c19   Thumb Code   164  stm32f4xx_hal_tim.o(.text.TIM_OC4_SetConfig)
    [Anonymous Symbol]                       0x08007c18   Section        0  stm32f4xx_hal_tim.o(.text.TIM_OC4_SetConfig)
    TIM_TI1_ConfigInputStage                 0x08007cbd   Thumb Code    80  stm32f4xx_hal_tim.o(.text.TIM_TI1_ConfigInputStage)
    [Anonymous Symbol]                       0x08007cbc   Section        0  stm32f4xx_hal_tim.o(.text.TIM_TI1_ConfigInputStage)
    [Anonymous Symbol]                       0x08007d0c   Section        0  stm32f4xx_hal_tim.o(.text.TIM_TI1_SetConfig)
    TIM_TI2_ConfigInputStage                 0x08007e25   Thumb Code    82  stm32f4xx_hal_tim.o(.text.TIM_TI2_ConfigInputStage)
    [Anonymous Symbol]                       0x08007e24   Section        0  stm32f4xx_hal_tim.o(.text.TIM_TI2_ConfigInputStage)
    TIM_TI2_SetConfig                        0x08007e79   Thumb Code   108  stm32f4xx_hal_tim.o(.text.TIM_TI2_SetConfig)
    [Anonymous Symbol]                       0x08007e78   Section        0  stm32f4xx_hal_tim.o(.text.TIM_TI2_SetConfig)
    TIM_TI3_SetConfig                        0x08007ee5   Thumb Code   106  stm32f4xx_hal_tim.o(.text.TIM_TI3_SetConfig)
    [Anonymous Symbol]                       0x08007ee4   Section        0  stm32f4xx_hal_tim.o(.text.TIM_TI3_SetConfig)
    TIM_TI4_SetConfig                        0x08007f51   Thumb Code   108  stm32f4xx_hal_tim.o(.text.TIM_TI4_SetConfig)
    [Anonymous Symbol]                       0x08007f50   Section        0  stm32f4xx_hal_tim.o(.text.TIM_TI4_SetConfig)
    [Anonymous Symbol]                       0x08007fbc   Section        0  ultrasonic.o(.text.Ultrasonic_Init)
    [Anonymous Symbol]                       0x08008010   Section        0  ultrasonic.o(.text.Ultrasonic_Trig_front)
    [Anonymous Symbol]                       0x08008088   Section        0  ultrasonic.o(.text.Ultrasonic_Trig_left)
    [Anonymous Symbol]                       0x080080f8   Section        0  ultrasonic.o(.text.Ultrasonic_Trig_right)
    [Anonymous Symbol]                       0x08008174   Section        0  status.o(.text.Update_Status_Lib)
    [Anonymous Symbol]                       0x080081bc   Section        0  stm32f4xx_it.o(.text.UsageFault_Handler)
    __NVIC_EnableIRQ                         0x080081c1   Thumb Code    48  stm32f4xx_hal_cortex.o(.text.__NVIC_EnableIRQ)
    [Anonymous Symbol]                       0x080081c0   Section        0  stm32f4xx_hal_cortex.o(.text.__NVIC_EnableIRQ)
    __NVIC_GetPriorityGrouping               0x080081f1   Thumb Code    16  stm32f4xx_hal_cortex.o(.text.__NVIC_GetPriorityGrouping)
    [Anonymous Symbol]                       0x080081f0   Section        0  stm32f4xx_hal_cortex.o(.text.__NVIC_GetPriorityGrouping)
    __NVIC_SetPriority                       0x08008201   Thumb Code    66  stm32f4xx_hal_cortex.o(.text.__NVIC_SetPriority)
    [Anonymous Symbol]                       0x08008200   Section        0  stm32f4xx_hal_cortex.o(.text.__NVIC_SetPriority)
    __NVIC_SetPriorityGrouping               0x08008245   Thumb Code    60  stm32f4xx_hal_cortex.o(.text.__NVIC_SetPriorityGrouping)
    [Anonymous Symbol]                       0x08008244   Section        0  stm32f4xx_hal_cortex.o(.text.__NVIC_SetPriorityGrouping)
    [Anonymous Symbol]                       0x08008280   Section        0  main.o(.text.main)
    [Anonymous Symbol]                       0x080083d8   Section        0  main.o(.text.wait_fun)
    [Anonymous Symbol]                       0x08008450   Section        0  main.o(.text.wait_ms)
    i.__scatterload_copy                     0x08008488   Section       14  handlers.o(i.__scatterload_copy)
    i.__scatterload_null                     0x08008496   Section        2  handlers.o(i.__scatterload_null)
    i.__scatterload_zeroinit                 0x08008498   Section       14  handlers.o(i.__scatterload_zeroinit)
    i.free                                   0x080084a8   Section        0  malloc.o(i.free)
    i.malloc                                 0x080084f8   Section        0  malloc.o(i.malloc)
    .data                                    0x20000000   Section        4  mvars.o(.data)
    .data                                    0x20000004   Section        4  mvars.o(.data)
    HEAP                                     0x20000570   Section      512  startup_stm32f407xx.o(HEAP)
    STACK                                    0x20000770   Section      512  startup_stm32f407xx.o(STACK)

    Global Symbols

    Symbol Name                              Value     Ov Type        Size  Object(Section)

    BuildAttributes$$THM_ISAv4$E$P$D$K$B$S$7EM$VFPi3$EXTD16$VFPS$VFMA$PE$A:L22UL41UL21$X:L11$S22US41US21$IEEE1$IW$~IW$USESV6$~STKCKD$USESV7$~SHL$OTIME$ROPI$EBA8$MICROLIB$REQ8$PRES8$EABIv2 0x00000000   Number         0  anon$$obj.o ABSOLUTE
    __cpp_initialize__aeabi_                  - Undefined Weak Reference
    __cxa_finalize                            - Undefined Weak Reference
    __decompress                              - Undefined Weak Reference
    _clock_init                               - Undefined Weak Reference
    _microlib_exit                            - Undefined Weak Reference
    __Vectors_Size                           0x00000188   Number         0  startup_stm32f407xx.o ABSOLUTE
    __Vectors                                0x08000000   Data           4  startup_stm32f407xx.o(RESET)
    __Vectors_End                            0x08000188   Data           0  startup_stm32f407xx.o(RESET)
    __main                                   0x08000189   Thumb Code     0  entry.o(.ARM.Collect$$$$00000000)
    _main_stk                                0x08000189   Thumb Code     0  entry2.o(.ARM.Collect$$$$00000001)
    _main_scatterload                        0x0800018d   Thumb Code     0  entry5.o(.ARM.Collect$$$$00000004)
    __main_after_scatterload                 0x08000191   Thumb Code     0  entry5.o(.ARM.Collect$$$$00000004)
    _main_clock                              0x08000191   Thumb Code     0  entry7b.o(.ARM.Collect$$$$00000008)
    _main_cpp_init                           0x08000191   Thumb Code     0  entry8b.o(.ARM.Collect$$$$0000000A)
    _main_init                               0x08000191   Thumb Code     0  entry9a.o(.ARM.Collect$$$$0000000B)
    __rt_final_cpp                           0x08000199   Thumb Code     0  entry10a.o(.ARM.Collect$$$$0000000D)
    __rt_final_exit                          0x08000199   Thumb Code     0  entry11a.o(.ARM.Collect$$$$0000000F)
    Reset_Handler                            0x0800019d   Thumb Code     8  startup_stm32f407xx.o(.text)
    ADC_IRQHandler                           0x080001b7   Thumb Code     0  startup_stm32f407xx.o(.text)
    CAN1_RX0_IRQHandler                      0x080001b7   Thumb Code     0  startup_stm32f407xx.o(.text)
    CAN1_RX1_IRQHandler                      0x080001b7   Thumb Code     0  startup_stm32f407xx.o(.text)
    CAN1_SCE_IRQHandler                      0x080001b7   Thumb Code     0  startup_stm32f407xx.o(.text)
    CAN1_TX_IRQHandler                       0x080001b7   Thumb Code     0  startup_stm32f407xx.o(.text)
    CAN2_RX0_IRQHandler                      0x080001b7   Thumb Code     0  startup_stm32f407xx.o(.text)
    CAN2_RX1_IRQHandler                      0x080001b7   Thumb Code     0  startup_stm32f407xx.o(.text)
    CAN2_SCE_IRQHandler                      0x080001b7   Thumb Code     0  startup_stm32f407xx.o(.text)
    CAN2_TX_IRQHandler                       0x080001b7   Thumb Code     0  startup_stm32f407xx.o(.text)
    DCMI_IRQHandler                          0x080001b7   Thumb Code     0  startup_stm32f407xx.o(.text)
    DMA1_Stream0_IRQHandler                  0x080001b7   Thumb Code     0  startup_stm32f407xx.o(.text)
    DMA1_Stream1_IRQHandler                  0x080001b7   Thumb Code     0  startup_stm32f407xx.o(.text)
    DMA1_Stream2_IRQHandler                  0x080001b7   Thumb Code     0  startup_stm32f407xx.o(.text)
    DMA1_Stream3_IRQHandler                  0x080001b7   Thumb Code     0  startup_stm32f407xx.o(.text)
    DMA1_Stream4_IRQHandler                  0x080001b7   Thumb Code     0  startup_stm32f407xx.o(.text)
    DMA1_Stream5_IRQHandler                  0x080001b7   Thumb Code     0  startup_stm32f407xx.o(.text)
    DMA1_Stream6_IRQHandler                  0x080001b7   Thumb Code     0  startup_stm32f407xx.o(.text)
    DMA1_Stream7_IRQHandler                  0x080001b7   Thumb Code     0  startup_stm32f407xx.o(.text)
    DMA2_Stream0_IRQHandler                  0x080001b7   Thumb Code     0  startup_stm32f407xx.o(.text)
    DMA2_Stream1_IRQHandler                  0x080001b7   Thumb Code     0  startup_stm32f407xx.o(.text)
    DMA2_Stream2_IRQHandler                  0x080001b7   Thumb Code     0  startup_stm32f407xx.o(.text)
    DMA2_Stream3_IRQHandler                  0x080001b7   Thumb Code     0  startup_stm32f407xx.o(.text)
    DMA2_Stream4_IRQHandler                  0x080001b7   Thumb Code     0  startup_stm32f407xx.o(.text)
    DMA2_Stream5_IRQHandler                  0x080001b7   Thumb Code     0  startup_stm32f407xx.o(.text)
    DMA2_Stream6_IRQHandler                  0x080001b7   Thumb Code     0  startup_stm32f407xx.o(.text)
    DMA2_Stream7_IRQHandler                  0x080001b7   Thumb Code     0  startup_stm32f407xx.o(.text)
    ETH_IRQHandler                           0x080001b7   Thumb Code     0  startup_stm32f407xx.o(.text)
    ETH_WKUP_IRQHandler                      0x080001b7   Thumb Code     0  startup_stm32f407xx.o(.text)
    EXTI0_IRQHandler                         0x080001b7   Thumb Code     0  startup_stm32f407xx.o(.text)
    EXTI15_10_IRQHandler                     0x080001b7   Thumb Code     0  startup_stm32f407xx.o(.text)
    EXTI1_IRQHandler                         0x080001b7   Thumb Code     0  startup_stm32f407xx.o(.text)
    EXTI2_IRQHandler                         0x080001b7   Thumb Code     0  startup_stm32f407xx.o(.text)
    EXTI3_IRQHandler                         0x080001b7   Thumb Code     0  startup_stm32f407xx.o(.text)
    EXTI4_IRQHandler                         0x080001b7   Thumb Code     0  startup_stm32f407xx.o(.text)
    EXTI9_5_IRQHandler                       0x080001b7   Thumb Code     0  startup_stm32f407xx.o(.text)
    FLASH_IRQHandler                         0x080001b7   Thumb Code     0  startup_stm32f407xx.o(.text)
    FMC_IRQHandler                           0x080001b7   Thumb Code     0  startup_stm32f407xx.o(.text)
    FPU_IRQHandler                           0x080001b7   Thumb Code     0  startup_stm32f407xx.o(.text)
    HASH_RNG_IRQHandler                      0x080001b7   Thumb Code     0  startup_stm32f407xx.o(.text)
    I2C1_ER_IRQHandler                       0x080001b7   Thumb Code     0  startup_stm32f407xx.o(.text)
    I2C1_EV_IRQHandler                       0x080001b7   Thumb Code     0  startup_stm32f407xx.o(.text)
    I2C2_ER_IRQHandler                       0x080001b7   Thumb Code     0  startup_stm32f407xx.o(.text)
    I2C2_EV_IRQHandler                       0x080001b7   Thumb Code     0  startup_stm32f407xx.o(.text)
    I2C3_ER_IRQHandler                       0x080001b7   Thumb Code     0  startup_stm32f407xx.o(.text)
    I2C3_EV_IRQHandler                       0x080001b7   Thumb Code     0  startup_stm32f407xx.o(.text)
    OTG_FS_IRQHandler                        0x080001b7   Thumb Code     0  startup_stm32f407xx.o(.text)
    OTG_FS_WKUP_IRQHandler                   0x080001b7   Thumb Code     0  startup_stm32f407xx.o(.text)
    OTG_HS_EP1_IN_IRQHandler                 0x080001b7   Thumb Code     0  startup_stm32f407xx.o(.text)
    OTG_HS_EP1_OUT_IRQHandler                0x080001b7   Thumb Code     0  startup_stm32f407xx.o(.text)
    OTG_HS_IRQHandler                        0x080001b7   Thumb Code     0  startup_stm32f407xx.o(.text)
    OTG_HS_WKUP_IRQHandler                   0x080001b7   Thumb Code     0  startup_stm32f407xx.o(.text)
    PVD_IRQHandler                           0x080001b7   Thumb Code     0  startup_stm32f407xx.o(.text)
    RCC_IRQHandler                           0x080001b7   Thumb Code     0  startup_stm32f407xx.o(.text)
    RTC_Alarm_IRQHandler                     0x080001b7   Thumb Code     0  startup_stm32f407xx.o(.text)
    RTC_WKUP_IRQHandler                      0x080001b7   Thumb Code     0  startup_stm32f407xx.o(.text)
    SDIO_IRQHandler                          0x080001b7   Thumb Code     0  startup_stm32f407xx.o(.text)
    SPI1_IRQHandler                          0x080001b7   Thumb Code     0  startup_stm32f407xx.o(.text)
    SPI2_IRQHandler                          0x080001b7   Thumb Code     0  startup_stm32f407xx.o(.text)
    SPI3_IRQHandler                          0x080001b7   Thumb Code     0  startup_stm32f407xx.o(.text)
    TAMP_STAMP_IRQHandler                    0x080001b7   Thumb Code     0  startup_stm32f407xx.o(.text)
    TIM1_BRK_TIM9_IRQHandler                 0x080001b7   Thumb Code     0  startup_stm32f407xx.o(.text)
    TIM1_CC_IRQHandler                       0x080001b7   Thumb Code     0  startup_stm32f407xx.o(.text)
    TIM1_TRG_COM_TIM11_IRQHandler            0x080001b7   Thumb Code     0  startup_stm32f407xx.o(.text)
    TIM1_UP_TIM10_IRQHandler                 0x080001b7   Thumb Code     0  startup_stm32f407xx.o(.text)
    TIM2_IRQHandler                          0x080001b7   Thumb Code     0  startup_stm32f407xx.o(.text)
    TIM3_IRQHandler                          0x080001b7   Thumb Code     0  startup_stm32f407xx.o(.text)
    TIM4_IRQHandler                          0x080001b7   Thumb Code     0  startup_stm32f407xx.o(.text)
    TIM8_BRK_TIM12_IRQHandler                0x080001b7   Thumb Code     0  startup_stm32f407xx.o(.text)
    TIM8_CC_IRQHandler                       0x080001b7   Thumb Code     0  startup_stm32f407xx.o(.text)
    TIM8_TRG_COM_TIM14_IRQHandler            0x080001b7   Thumb Code     0  startup_stm32f407xx.o(.text)
    TIM8_UP_TIM13_IRQHandler                 0x080001b7   Thumb Code     0  startup_stm32f407xx.o(.text)
    UART4_IRQHandler                         0x080001b7   Thumb Code     0  startup_stm32f407xx.o(.text)
    UART5_IRQHandler                         0x080001b7   Thumb Code     0  startup_stm32f407xx.o(.text)
    USART1_IRQHandler                        0x080001b7   Thumb Code     0  startup_stm32f407xx.o(.text)
    USART2_IRQHandler                        0x080001b7   Thumb Code     0  startup_stm32f407xx.o(.text)
    USART3_IRQHandler                        0x080001b7   Thumb Code     0  startup_stm32f407xx.o(.text)
    USART6_IRQHandler                        0x080001b7   Thumb Code     0  startup_stm32f407xx.o(.text)
    WWDG_IRQHandler                          0x080001b7   Thumb Code     0  startup_stm32f407xx.o(.text)
    __aeabi_uldivmod                         0x080001c1   Thumb Code    98  uldiv.o(.text)
    __aeabi_memset                           0x08000223   Thumb Code    14  memseta.o(.text)
    __aeabi_memset4                          0x08000223   Thumb Code     0  memseta.o(.text)
    __aeabi_memset8                          0x08000223   Thumb Code     0  memseta.o(.text)
    __aeabi_memclr                           0x08000231   Thumb Code     4  memseta.o(.text)
    __aeabi_memclr4                          0x08000231   Thumb Code     0  memseta.o(.text)
    __aeabi_memclr8                          0x08000231   Thumb Code     0  memseta.o(.text)
    _memset$wrapper                          0x08000235   Thumb Code    18  memseta.o(.text)
    __aeabi_dadd                             0x08000247   Thumb Code   322  dadd.o(.text)
    __aeabi_dsub                             0x08000389   Thumb Code     6  dadd.o(.text)
    __aeabi_drsub                            0x0800038f   Thumb Code     6  dadd.o(.text)
    __aeabi_dmul                             0x08000395   Thumb Code   228  dmul.o(.text)
    __aeabi_ddiv                             0x08000479   Thumb Code   222  ddiv.o(.text)
    __aeabi_dcmplt                           0x08000557   Thumb Code    54  dcmplt.o(.text)
    __aeabi_dcmpgt                           0x0800058d   Thumb Code    54  dcmpgt.o(.text)
    __aeabi_dcmpeq                           0x080005c3   Thumb Code    56  dcmpeq.o(.text)
    __aeabi_ui2d                             0x080005fb   Thumb Code    26  dfltui.o(.text)
    __aeabi_f2d                              0x08000615   Thumb Code    38  f2d.o(.text)
    __aeabi_d2f                              0x0800063b   Thumb Code    56  d2f.o(.text)
    __aeabi_llsl                             0x08000673   Thumb Code    30  llshl.o(.text)
    _ll_shift_l                              0x08000673   Thumb Code     0  llshl.o(.text)
    __aeabi_llsr                             0x08000691   Thumb Code    32  llushr.o(.text)
    _ll_ushift_r                             0x08000691   Thumb Code     0  llushr.o(.text)
    __aeabi_lasr                             0x080006b1   Thumb Code    36  llsshr.o(.text)
    _ll_sshift_r                             0x080006b1   Thumb Code     0  llsshr.o(.text)
    __I$use$fp                               0x080006d5   Thumb Code     0  iusefp.o(.text)
    _float_round                             0x080006d5   Thumb Code    18  fepilogue.o(.text)
    _float_epilogue                          0x080006e7   Thumb Code    92  fepilogue.o(.text)
    _double_round                            0x08000743   Thumb Code    30  depilogue.o(.text)
    _double_epilogue                         0x08000761   Thumb Code   156  depilogue.o(.text)
    __scatterload                            0x080007fd   Thumb Code    38  init.o(.text)
    __scatterload_rt2                        0x080007fd   Thumb Code     0  init.o(.text)
    BusFault_Handler                         0x0800082d   Thumb Code     4  stm32f4xx_it.o(.text.BusFault_Handler)
    Car_Status                               0x08000831   Thumb Code  2294  status.o(.text.Car_Status)
    DebugMon_Handler                         0x08001129   Thumb Code     2  stm32f4xx_it.o(.text.DebugMon_Handler)
    Detect_Line_F                            0x0800112d   Thumb Code   366  sensor.o(.text.Detect_Line_F)
    Detect_Line_L                            0x0800129d   Thumb Code   368  sensor.o(.text.Detect_Line_L)
    Detect_Line_R                            0x08001411   Thumb Code   368  sensor.o(.text.Detect_Line_R)
    Error_Handler                            0x08001585   Thumb Code     6  main.o(.text.Error_Handler)
    GetPID                                   0x0800158d   Thumb Code   208  pid.o(.text.GetPID)
    Get_Back                                 0x0800165d   Thumb Code    80  chassis.o(.text.Get_Back)
    Get_Front_dis                            0x080016ad   Thumb Code   284  main.o(.text.Get_Front_dis)
    Get_Left_dis                             0x080017d1   Thumb Code   284  main.o(.text.Get_Left_dis)
    Get_Sensor                               0x080018f5   Thumb Code   218  sensor.o(.text.Get_Sensor)
    Get_right_dis                            0x080019d1   Thumb Code   284  main.o(.text.Get_right_dis)
    Go                                       0x08001af9   Thumb Code  1000  chassis.o(.text.Go)
    Go_Forward                               0x08001f09   Thumb Code    80  chassis.o(.text.Go_Forward)
    Go_Left                                  0x08001f59   Thumb Code    80  chassis.o(.text.Go_Left)
    Go_Right                                 0x08001fa9   Thumb Code    80  chassis.o(.text.Go_Right)
    HAL_Delay                                0x08001ff9   Thumb Code    66  stm32f4xx_hal.o(.text.HAL_Delay)
    HAL_GPIO_Init                            0x0800203d   Thumb Code   950  stm32f4xx_hal_gpio.o(.text.HAL_GPIO_Init)
    HAL_GPIO_WritePin                        0x080023f5   Thumb Code    46  stm32f4xx_hal_gpio.o(.text.HAL_GPIO_WritePin)
    HAL_GetTick                              0x08002425   Thumb Code    12  stm32f4xx_hal.o(.text.HAL_GetTick)
    HAL_I2C_Init                             0x08002431   Thumb Code   676  stm32f4xx_hal_i2c.o(.text.HAL_I2C_Init)
    HAL_I2C_Mem_Read                         0x080026d5   Thumb Code  1096  stm32f4xx_hal_i2c.o(.text.HAL_I2C_Mem_Read)
    HAL_I2C_MspInit                          0x08002b1d   Thumb Code   480  i2c.o(.text.HAL_I2C_MspInit)
    HAL_IncTick                              0x08002cfd   Thumb Code    26  stm32f4xx_hal.o(.text.HAL_IncTick)
    HAL_Init                                 0x08002d19   Thumb Code    54  stm32f4xx_hal.o(.text.HAL_Init)
    HAL_InitTick                             0x08002d51   Thumb Code   112  stm32f4xx_hal.o(.text.HAL_InitTick)
    HAL_MspInit                              0x08002dc1   Thumb Code    74  stm32f4xx_hal_msp.o(.text.HAL_MspInit)
    HAL_NVIC_EnableIRQ                       0x08002e0d   Thumb Code    20  stm32f4xx_hal_cortex.o(.text.HAL_NVIC_EnableIRQ)
    HAL_NVIC_SetPriority                     0x08002e21   Thumb Code    50  stm32f4xx_hal_cortex.o(.text.HAL_NVIC_SetPriority)
    HAL_NVIC_SetPriorityGrouping             0x08002e55   Thumb Code    16  stm32f4xx_hal_cortex.o(.text.HAL_NVIC_SetPriorityGrouping)
    HAL_RCC_ClockConfig                      0x08002e65   Thumb Code   610  stm32f4xx_hal_rcc.o(.text.HAL_RCC_ClockConfig)
    HAL_RCC_GetHCLKFreq                      0x080030c9   Thumb Code    12  stm32f4xx_hal_rcc.o(.text.HAL_RCC_GetHCLKFreq)
    HAL_RCC_GetPCLK1Freq                     0x080030d5   Thumb Code    34  stm32f4xx_hal_rcc.o(.text.HAL_RCC_GetPCLK1Freq)
    HAL_RCC_GetSysClockFreq                  0x080030f9   Thumb Code   230  stm32f4xx_hal_rcc.o(.text.HAL_RCC_GetSysClockFreq)
    HAL_RCC_OscConfig                        0x080031e1   Thumb Code  1726  stm32f4xx_hal_rcc.o(.text.HAL_RCC_OscConfig)
    HAL_SYSTICK_Config                       0x080038a1   Thumb Code    16  stm32f4xx_hal_cortex.o(.text.HAL_SYSTICK_Config)
    HAL_TIMEx_BreakCallback                  0x080038b1   Thumb Code     8  stm32f4xx_hal_tim_ex.o(.text.HAL_TIMEx_BreakCallback)
    HAL_TIMEx_CommutCallback                 0x080038b9   Thumb Code     8  stm32f4xx_hal_tim_ex.o(.text.HAL_TIMEx_CommutCallback)
    HAL_TIMEx_ConfigBreakDeadTime            0x080038c1   Thumb Code   178  stm32f4xx_hal_tim_ex.o(.text.HAL_TIMEx_ConfigBreakDeadTime)
    HAL_TIMEx_MasterConfigSynchronization    0x08003975   Thumb Code   290  stm32f4xx_hal_tim_ex.o(.text.HAL_TIMEx_MasterConfigSynchronization)
    HAL_TIM_Base_Init                        0x08003a99   Thumb Code   156  stm32f4xx_hal_tim.o(.text.HAL_TIM_Base_Init)
    HAL_TIM_Base_MspInit                     0x08003b35   Thumb Code   826  tim.o(.text.HAL_TIM_Base_MspInit)
    HAL_TIM_Base_Start_IT                    0x08003e71   Thumb Code   246  stm32f4xx_hal_tim.o(.text.HAL_TIM_Base_Start_IT)
    HAL_TIM_ConfigClockSource                0x08003f69   Thumb Code   388  stm32f4xx_hal_tim.o(.text.HAL_TIM_ConfigClockSource)
    HAL_TIM_IC_CaptureCallback               0x080040ed   Thumb Code     8  stm32f4xx_hal_tim.o(.text.HAL_TIM_IC_CaptureCallback)
    HAL_TIM_IC_ConfigChannel                 0x080040f5   Thumb Code   304  stm32f4xx_hal_tim.o(.text.HAL_TIM_IC_ConfigChannel)
    HAL_TIM_IC_Init                          0x08004225   Thumb Code   156  stm32f4xx_hal_tim.o(.text.HAL_TIM_IC_Init)
    HAL_TIM_IC_MspInit                       0x080042c1   Thumb Code     8  stm32f4xx_hal_tim.o(.text.HAL_TIM_IC_MspInit)
    HAL_TIM_IC_Start                         0x080042c9   Thumb Code   566  stm32f4xx_hal_tim.o(.text.HAL_TIM_IC_Start)
    HAL_TIM_IC_Stop                          0x08004501   Thumb Code   234  stm32f4xx_hal_tim.o(.text.HAL_TIM_IC_Stop)
    HAL_TIM_IRQHandler                       0x080045ed   Thumb Code   538  stm32f4xx_hal_tim.o(.text.HAL_TIM_IRQHandler)
    HAL_TIM_MspPostInit                      0x08004809   Thumb Code   440  tim.o(.text.HAL_TIM_MspPostInit)
    HAL_TIM_OC_DelayElapsedCallback          0x080049c1   Thumb Code     8  stm32f4xx_hal_tim.o(.text.HAL_TIM_OC_DelayElapsedCallback)
    HAL_TIM_PWM_ConfigChannel                0x080049c9   Thumb Code   322  stm32f4xx_hal_tim.o(.text.HAL_TIM_PWM_ConfigChannel)
    HAL_TIM_PWM_Init                         0x08004b0d   Thumb Code   156  stm32f4xx_hal_tim.o(.text.HAL_TIM_PWM_Init)
    HAL_TIM_PWM_MspInit                      0x08004ba9   Thumb Code     8  stm32f4xx_hal_tim.o(.text.HAL_TIM_PWM_MspInit)
    HAL_TIM_PWM_PulseFinishedCallback        0x08004bb1   Thumb Code     8  stm32f4xx_hal_tim.o(.text.HAL_TIM_PWM_PulseFinishedCallback)
    HAL_TIM_PWM_Start                        0x08004bb9   Thumb Code   458  stm32f4xx_hal_tim.o(.text.HAL_TIM_PWM_Start)
    HAL_TIM_PeriodElapsedCallback            0x08004d85   Thumb Code    58  main.o(.text.HAL_TIM_PeriodElapsedCallback)
    HAL_TIM_TriggerCallback                  0x08004dc1   Thumb Code     8  stm32f4xx_hal_tim.o(.text.HAL_TIM_TriggerCallback)
    HardFault_Handler                        0x08004dc9   Thumb Code     4  stm32f4xx_it.o(.text.HardFault_Handler)
    IIC_Get_Digtal                           0x080053f5   Thumb Code    26  hiic.o(.text.IIC_Get_Digtal)
    IIC_Get_Digtal2                          0x08005411   Thumb Code    26  hiic.o(.text.IIC_Get_Digtal2)
    IIC_Get_Digtal3                          0x0800542d   Thumb Code    26  hiic.o(.text.IIC_Get_Digtal3)
    IIC_ReadBytes                            0x08005449   Thumb Code    72  hiic.o(.text.IIC_ReadBytes)
    IIC_ReadBytes2                           0x08005491   Thumb Code    72  hiic.o(.text.IIC_ReadBytes2)
    IIC_ReadBytes3                           0x080054d9   Thumb Code    72  hiic.o(.text.IIC_ReadBytes3)
    MX_GPIO_Init                             0x08005521   Thumb Code   420  gpio.o(.text.MX_GPIO_Init)
    MX_I2C1_Init                             0x080056c5   Thumb Code    72  i2c.o(.text.MX_I2C1_Init)
    MX_I2C2_Init                             0x0800570d   Thumb Code    72  i2c.o(.text.MX_I2C2_Init)
    MX_I2C3_Init                             0x08005755   Thumb Code    72  i2c.o(.text.MX_I2C3_Init)
    MX_TIM12_Init                            0x0800579d   Thumb Code   198  tim.o(.text.MX_TIM12_Init)
    MX_TIM1_Init                             0x08005865   Thumb Code   282  tim.o(.text.MX_TIM1_Init)
    MX_TIM2_Init                             0x08005981   Thumb Code   210  tim.o(.text.MX_TIM2_Init)
    MX_TIM3_Init                             0x08005a55   Thumb Code   214  tim.o(.text.MX_TIM3_Init)
    MX_TIM4_Init                             0x08005b2d   Thumb Code   214  tim.o(.text.MX_TIM4_Init)
    MX_TIM5_Init                             0x08005c05   Thumb Code   216  tim.o(.text.MX_TIM5_Init)
    MX_TIM6_Init                             0x08005cdd   Thumb Code    90  tim.o(.text.MX_TIM6_Init)
    MX_TIM7_Init                             0x08005d39   Thumb Code    90  tim.o(.text.MX_TIM7_Init)
    MX_TIM8_Init                             0x08005d95   Thumb Code   236  tim.o(.text.MX_TIM8_Init)
    MX_TIM9_Init                             0x08005e81   Thumb Code   198  tim.o(.text.MX_TIM9_Init)
    MemManage_Handler                        0x08005f49   Thumb Code     4  stm32f4xx_it.o(.text.MemManage_Handler)
    Motor_pid                                0x08005f51   Thumb Code   832  pid.o(.text.Motor_pid)
    NMI_Handler                              0x080062d9   Thumb Code     4  stm32f4xx_it.o(.text.NMI_Handler)
    Obstacle_find                            0x08006349   Thumb Code   218  status.o(.text.Obstacle_find)
    PID_Init                                 0x08006425   Thumb Code    58  pid.o(.text.PID_Init)
    PendSV_Handler                           0x08006461   Thumb Code     2  stm32f4xx_it.o(.text.PendSV_Handler)
    Position_begin_predict                   0x08006465   Thumb Code   112  status.o(.text.Position_begin_predict)
    Rotation_Deg                             0x080064d5   Thumb Code   138  chassis.o(.text.Rotation_Deg)
    SVC_Handler                              0x08006561   Thumb Code     2  stm32f4xx_it.o(.text.SVC_Handler)
    Set_Angle                                0x08006565   Thumb Code   280  steppermotor.o(.text.Set_Angle)
    Set_Motor_Speed                          0x08006681   Thumb Code   624  steppermotor.o(.text.Set_Motor_Speed)
    Speed_Correction                         0x080068f9   Thumb Code  1240  sensor.o(.text.Speed_Correction)
    Start_Trace                              0x08006e11   Thumb Code   744  chassis.o(.text.Start_Trace)
    Stop_All                                 0x08007109   Thumb Code   544  chassis.o(.text.Stop_All)
    SysTick_Handler                          0x08007395   Thumb Code     8  stm32f4xx_it.o(.text.SysTick_Handler)
    SystemClock_Config                       0x0800739d   Thumb Code   186  main.o(.text.SystemClock_Config)
    SystemInit                               0x08007459   Thumb Code    18  system_stm32f4xx.o(.text.SystemInit)
    TIM5_IRQHandler                          0x0800746d   Thumb Code    16  stm32f4xx_it.o(.text.TIM5_IRQHandler)
    TIM6_DAC_IRQHandler                      0x08007481   Thumb Code   624  stm32f4xx_it.o(.text.TIM6_DAC_IRQHandler)
    TIM7_IRQHandler                          0x080076f9   Thumb Code    16  stm32f4xx_it.o(.text.TIM7_IRQHandler)
    TIM_Base_SetConfig                       0x08007709   Thumb Code   420  stm32f4xx_hal_tim.o(.text.TIM_Base_SetConfig)
    TIM_CCxChannelCmd                        0x080078ad   Thumb Code    54  stm32f4xx_hal_tim.o(.text.TIM_CCxChannelCmd)
    TIM_ETR_SetConfig                        0x080078e5   Thumb Code    52  stm32f4xx_hal_tim.o(.text.TIM_ETR_SetConfig)
    TIM_OC2_SetConfig                        0x08007a31   Thumb Code   244  stm32f4xx_hal_tim.o(.text.TIM_OC2_SetConfig)
    TIM_TI1_SetConfig                        0x08007d0d   Thumb Code   278  stm32f4xx_hal_tim.o(.text.TIM_TI1_SetConfig)
    Ultrasonic_Init                          0x08007fbd   Thumb Code    84  ultrasonic.o(.text.Ultrasonic_Init)
    Ultrasonic_Trig_front                    0x08008011   Thumb Code   118  ultrasonic.o(.text.Ultrasonic_Trig_front)
    Ultrasonic_Trig_left                     0x08008089   Thumb Code   112  ultrasonic.o(.text.Ultrasonic_Trig_left)
    Ultrasonic_Trig_right                    0x080080f9   Thumb Code   124  ultrasonic.o(.text.Ultrasonic_Trig_right)
    Update_Status_Lib                        0x08008175   Thumb Code    70  status.o(.text.Update_Status_Lib)
    UsageFault_Handler                       0x080081bd   Thumb Code     4  stm32f4xx_it.o(.text.UsageFault_Handler)
    main                                     0x08008281   Thumb Code   328  main.o(.text.main)
    wait_fun                                 0x080083d9   Thumb Code   118  main.o(.text.wait_fun)
    wait_ms                                  0x08008451   Thumb Code    52  main.o(.text.wait_ms)
    __scatterload_copy                       0x08008489   Thumb Code    14  handlers.o(i.__scatterload_copy)
    __scatterload_null                       0x08008497   Thumb Code     2  handlers.o(i.__scatterload_null)
    __scatterload_zeroinit                   0x08008499   Thumb Code    14  handlers.o(i.__scatterload_zeroinit)
    free                                     0x080084a9   Thumb Code    76  malloc.o(i.free)
    malloc                                   0x080084f9   Thumb Code    92  malloc.o(i.malloc)
    AHBPrescTable                            0x08008564   Data          16  system_stm32f4xx.o(.rodata.AHBPrescTable)
    APBPrescTable                            0x08008574   Data           8  system_stm32f4xx.o(.rodata.APBPrescTable)
    Region$$Table$$Base                      0x0800857c   Number         0  anon$$obj.o(Region$$Table)
    Region$$Table$$Limit                     0x0800859c   Number         0  anon$$obj.o(Region$$Table)
    __microlib_freelist                      0x20000000   Data           4  mvars.o(.data)
    __microlib_freelist_initialised          0x20000004   Data           4  mvars.o(.data)
    Back_dis                                 0x20000008   Data           4  stm32f4xx_it.o(.data.Back_dis)
    Car_Speed                                0x2000000c   Data           4  main.o(.data.Car_Speed)
    Forward_dis                              0x20000010   Data           4  stm32f4xx_it.o(.data.Forward_dis)
    Left_dis                                 0x20000014   Data           4  stm32f4xx_it.o(.data.Left_dis)
    Right_dis                                0x20000018   Data           4  stm32f4xx_it.o(.data.Right_dis)
    Rotation_Degree                          0x2000001c   Data           4  stm32f4xx_it.o(.data.Rotation_Degree)
    Status_lib                               0x20000020   Data          24  status.o(.data.Status_lib)
    SystemCoreClock                          0x20000038   Data           4  system_stm32f4xx.o(.data.SystemCoreClock)
    Trace_flag                               0x2000003c   Data           1  main.o(.data.Trace_flag)
    arm_flag                                 0x20000040   Data           4  steppermotor.o(.data.arm_flag)
    detect_flag                              0x20000044   Data           1  stm32f4xx_it.o(.data.detect_flag)
    move_toward                              0x20000048   Data           4  status.o(.data.move_toward)
    pos_begin                                0x2000004c   Data           4  status.o(.data.pos_begin)
    uwTickFreq                               0x20000050   Data           1  stm32f4xx_hal.o(.data.uwTickFreq)
    uwTickPrio                               0x20000054   Data           4  stm32f4xx_hal.o(.data.uwTickPrio)
    Back_count                               0x20000058   Data           4  stm32f4xx_it.o(.bss.Back_count)
    Car_pid                                  0x2000005c   Data          44  main.o(.bss.Car_pid)
    Forward_count                            0x20000088   Data           4  stm32f4xx_it.o(.bss.Forward_count)
    Left_count                               0x2000008c   Data           4  stm32f4xx_it.o(.bss.Left_count)
    Motor_V                                  0x20000090   Data          20  chassis.o(.bss.Motor_V)
    Move_Time                                0x200000a4   Data          12  main.o(.bss.Move_Time)
    Move_status                              0x200000b0   Data           1  chassis.o(.bss.Move_status)
    Obs_buff_front                           0x200000b4   Data           4  ultrasonic.o(.bss.Obs_buff_front)
    Obs_buff_left                            0x200000b8   Data           4  ultrasonic.o(.bss.Obs_buff_left)
    Obs_buff_right                           0x200000bc   Data           4  ultrasonic.o(.bss.Obs_buff_right)
    Obs_data_ready                           0x200000c0   Data           4  ultrasonic.o(.bss.Obs_data_ready)
    Obs_distance_front                       0x200000c4   Data           4  ultrasonic.o(.bss.Obs_distance_front)
    Obs_distance_left                        0x200000c8   Data           4  ultrasonic.o(.bss.Obs_distance_left)
    Obs_distance_right                       0x200000cc   Data           4  ultrasonic.o(.bss.Obs_distance_right)
    Obs_index                                0x200000d0   Data           4  ultrasonic.o(.bss.Obs_index)
    Obs_index_front                          0x200000d4   Data           1  ultrasonic.o(.bss.Obs_index_front)
    Obs_index_left                           0x200000d5   Data           1  ultrasonic.o(.bss.Obs_index_left)
    Obs_index_right                          0x200000d6   Data           1  ultrasonic.o(.bss.Obs_index_right)
    Right_count                              0x200000d8   Data           4  stm32f4xx_it.o(.bss.Right_count)
    Rotation_count                           0x200000dc   Data           4  stm32f4xx_it.o(.bss.Rotation_count)
    Sensor_Front                             0x200000e0   Data          32  main.o(.bss.Sensor_Front)
    Sensor_Left                              0x20000100   Data          32  main.o(.bss.Sensor_Left)
    Sensor_Right                             0x20000120   Data          32  main.o(.bss.Sensor_Right)
    Status                                   0x20000140   Data           1  status.o(.bss.Status)
    Stop_All_flag                            0x20000144   Data           4  main.o(.bss.Stop_All_flag)
    V                                        0x20000148   Data           4  pid.o(.bss.V)
    angle                                    0x2000014c   Data           4  status.o(.bss.angle)
    arm_num                                  0x20000150   Data           4  main.o(.bss.arm_num)
    correction                               0x20000154   Data           4  pid.o(.bss.correction)
    cross                                    0x20000158   Data           4  sensor.o(.bss.cross)
    cross_h                                  0x2000015c   Data           4  status.o(.bss.cross_h)
    cross_mark                               0x20000160   Data           4  sensor.o(.bss.cross_mark)
    cross_v                                  0x20000164   Data           4  status.o(.bss.cross_v)
    cycle                                    0x20000168   Data           4  status.o(.bss.cycle)
    flag                                     0x2000016c   Data          16  main.o(.bss.flag)
    hi2c1                                    0x2000017c   Data          84  i2c.o(.bss.hi2c1)
    hi2c2                                    0x200001d0   Data          84  i2c.o(.bss.hi2c2)
    hi2c3                                    0x20000224   Data          84  i2c.o(.bss.hi2c3)
    htim1                                    0x20000278   Data          72  tim.o(.bss.htim1)
    htim12                                   0x200002c0   Data          72  tim.o(.bss.htim12)
    htim2                                    0x20000308   Data          72  tim.o(.bss.htim2)
    htim3                                    0x20000350   Data          72  tim.o(.bss.htim3)
    htim4                                    0x20000398   Data          72  tim.o(.bss.htim4)
    htim5                                    0x200003e0   Data          72  tim.o(.bss.htim5)
    htim6                                    0x20000428   Data          72  tim.o(.bss.htim6)
    htim7                                    0x20000470   Data          72  tim.o(.bss.htim7)
    htim8                                    0x200004b8   Data          72  tim.o(.bss.htim8)
    htim9                                    0x20000500   Data          72  tim.o(.bss.htim9)
    ms                                       0x20000548   Data           4  main.o(.bss.ms)
    next_step                                0x2000054c   Data           4  status.o(.bss.next_step)
    obstacle_h                               0x20000550   Data           4  status.o(.bss.obstacle_h)
    obstacle_v                               0x20000554   Data           4  status.o(.bss.obstacle_v)
    target_pulses                            0x20000558   Data           4  steppermotor.o(.bss.target_pulses)
    uwTick                                   0x2000055c   Data           4  stm32f4xx_hal.o(.bss.uwTick)
    wait_count                               0x20000560   Data           4  stm32f4xx_it.o(.bss.wait_count)
    wait_finish                              0x20000564   Data           4  main.o(.bss.wait_finish)
    wait_flag                                0x20000568   Data           4  main.o(.bss.wait_flag)
    wait_sec                                 0x2000056c   Data           4  main.o(.bss.wait_sec)
    __heap_base                              0x20000570   Data           0  startup_stm32f407xx.o(HEAP)
    __heap_limit                             0x20000770   Data           0  startup_stm32f407xx.o(HEAP)
    __initial_sp                             0x20000970   Data           0  startup_stm32f407xx.o(STACK)



==============================================================================

Memory Map of the image

  Image Entry point : 0x08000189

  Load Region LR_IROM1 (Base: 0x08000000, Size: 0x000085f8, Max: 0x00080000, ABSOLUTE)

    Execution Region ER_IROM1 (Exec base: 0x08000000, Load base: 0x08000000, Size: 0x0000859c, Max: 0x00080000, ABSOLUTE)

    Exec Addr    Load Addr    Size         Type   Attr      Idx    E Section Name        Object

    0x08000000   0x08000000   0x00000188   Data   RO            3    RESET               startup_stm32f407xx.o
    0x08000188   0x08000188   0x00000000   Code   RO         1317  * .ARM.Collect$$$$00000000  mc_w.l(entry.o)
    0x08000188   0x08000188   0x00000004   Code   RO         1370    .ARM.Collect$$$$00000001  mc_w.l(entry2.o)
    0x0800018c   0x0800018c   0x00000004   Code   RO         1373    .ARM.Collect$$$$00000004  mc_w.l(entry5.o)
    0x08000190   0x08000190   0x00000000   Code   RO         1375    .ARM.Collect$$$$00000008  mc_w.l(entry7b.o)
    0x08000190   0x08000190   0x00000000   Code   RO         1377    .ARM.Collect$$$$0000000A  mc_w.l(entry8b.o)
    0x08000190   0x08000190   0x00000008   Code   RO         1378    .ARM.Collect$$$$0000000B  mc_w.l(entry9a.o)
    0x08000198   0x08000198   0x00000000   Code   RO         1380    .ARM.Collect$$$$0000000D  mc_w.l(entry10a.o)
    0x08000198   0x08000198   0x00000000   Code   RO         1382    .ARM.Collect$$$$0000000F  mc_w.l(entry11a.o)
    0x08000198   0x08000198   0x00000004   Code   RO         1371    .ARM.Collect$$$$00002712  mc_w.l(entry2.o)
    0x0800019c   0x0800019c   0x00000024   Code   RO            4    .text               startup_stm32f407xx.o
    0x080001c0   0x080001c0   0x00000062   Code   RO         1320    .text               mc_w.l(uldiv.o)
    0x08000222   0x08000222   0x00000024   Code   RO         1322    .text               mc_w.l(memseta.o)
    0x08000246   0x08000246   0x0000014e   Code   RO         1352    .text               mf_w.l(dadd.o)
    0x08000394   0x08000394   0x000000e4   Code   RO         1354    .text               mf_w.l(dmul.o)
    0x08000478   0x08000478   0x000000de   Code   RO         1356    .text               mf_w.l(ddiv.o)
    0x08000556   0x08000556   0x00000036   Code   RO         1358    .text               mf_w.l(dcmplt.o)
    0x0800058c   0x0800058c   0x00000036   Code   RO         1360    .text               mf_w.l(dcmpgt.o)
    0x080005c2   0x080005c2   0x00000038   Code   RO         1362    .text               mf_w.l(dcmpeq.o)
    0x080005fa   0x080005fa   0x0000001a   Code   RO         1364    .text               mf_w.l(dfltui.o)
    0x08000614   0x08000614   0x00000026   Code   RO         1366    .text               mf_w.l(f2d.o)
    0x0800063a   0x0800063a   0x00000038   Code   RO         1368    .text               mf_w.l(d2f.o)
    0x08000672   0x08000672   0x0000001e   Code   RO         1384    .text               mc_w.l(llshl.o)
    0x08000690   0x08000690   0x00000020   Code   RO         1386    .text               mc_w.l(llushr.o)
    0x080006b0   0x080006b0   0x00000024   Code   RO         1388    .text               mc_w.l(llsshr.o)
    0x080006d4   0x080006d4   0x00000000   Code   RO         1396    .text               mc_w.l(iusefp.o)
    0x080006d4   0x080006d4   0x0000006e   Code   RO         1397    .text               mf_w.l(fepilogue.o)
    0x08000742   0x08000742   0x000000ba   Code   RO         1399    .text               mf_w.l(depilogue.o)
    0x080007fc   0x080007fc   0x00000030   Code   RO         1401    .text               mc_w.l(init.o)
    0x0800082c   0x0800082c   0x00000004   Code   RO          140    .text.BusFault_Handler  stm32f4xx_it.o
    0x08000830   0x08000830   0x000008f6   Code   RO         1292    .text.Car_Status    status.o
    0x08001126   0x08001126   0x00000002   PAD
    0x08001128   0x08001128   0x00000002   Code   RO          146    .text.DebugMon_Handler  stm32f4xx_it.o
    0x0800112a   0x0800112a   0x00000002   PAD
    0x0800112c   0x0800112c   0x0000016e   Code   RO         1235    .text.Detect_Line_F  sensor.o
    0x0800129a   0x0800129a   0x00000002   PAD
    0x0800129c   0x0800129c   0x00000174   Code   RO         1237    .text.Detect_Line_L  sensor.o
    0x08001410   0x08001410   0x00000174   Code   RO         1239    .text.Detect_Line_R  sensor.o
    0x08001584   0x08001584   0x00000006   Code   RO           21    .text.Error_Handler  main.o
    0x0800158a   0x0800158a   0x00000002   PAD
    0x0800158c   0x0800158c   0x000000d0   Code   RO         1216    .text.GetPID        pid.o
    0x0800165c   0x0800165c   0x00000050   Code   RO         1157    .text.Get_Back      chassis.o
    0x080016ac   0x080016ac   0x00000124   Code   RO           15    .text.Get_Front_dis  main.o
    0x080017d0   0x080017d0   0x00000124   Code   RO           17    .text.Get_Left_dis  main.o
    0x080018f4   0x080018f4   0x000000da   Code   RO         1231    .text.Get_Sensor    sensor.o
    0x080019ce   0x080019ce   0x00000002   PAD
    0x080019d0   0x080019d0   0x00000124   Code   RO           19    .text.Get_right_dis  main.o
    0x08001af4   0x08001af4   0x00000004   PAD
    0x08001af8   0x08001af8   0x00000410   Code   RO         1147    .text.Go            chassis.o
    0x08001f08   0x08001f08   0x00000050   Code   RO         1163    .text.Go_Forward    chassis.o
    0x08001f58   0x08001f58   0x00000050   Code   RO         1161    .text.Go_Left       chassis.o
    0x08001fa8   0x08001fa8   0x00000050   Code   RO         1159    .text.Go_Right      chassis.o
    0x08001ff8   0x08001ff8   0x00000042   Code   RO          728    .text.HAL_Delay     stm32f4xx_hal.o
    0x0800203a   0x0800203a   0x00000002   PAD
    0x0800203c   0x0800203c   0x000003b6   Code   RO          495    .text.HAL_GPIO_Init  stm32f4xx_hal_gpio.o
    0x080023f2   0x080023f2   0x00000002   PAD
    0x080023f4   0x080023f4   0x0000002e   Code   RO          501    .text.HAL_GPIO_WritePin  stm32f4xx_hal_gpio.o
    0x08002422   0x08002422   0x00000002   PAD
    0x08002424   0x08002424   0x0000000c   Code   RO          720    .text.HAL_GetTick   stm32f4xx_hal.o
    0x08002430   0x08002430   0x000002a4   Code   RO          187    .text.HAL_I2C_Init  stm32f4xx_hal_i2c.o
    0x080026d4   0x080026d4   0x00000448   Code   RO          241    .text.HAL_I2C_Mem_Read  stm32f4xx_hal_i2c.o
    0x08002b1c   0x08002b1c   0x000001e0   Code   RO           77    .text.HAL_I2C_MspInit  i2c.o
    0x08002cfc   0x08002cfc   0x0000001a   Code   RO          718    .text.HAL_IncTick   stm32f4xx_hal.o
    0x08002d16   0x08002d16   0x00000002   PAD
    0x08002d18   0x08002d18   0x00000036   Code   RO          708    .text.HAL_Init      stm32f4xx_hal.o
    0x08002d4e   0x08002d4e   0x00000002   PAD
    0x08002d50   0x08002d50   0x00000070   Code   RO          710    .text.HAL_InitTick  stm32f4xx_hal.o
    0x08002dc0   0x08002dc0   0x0000004a   Code   RO          179    .text.HAL_MspInit   stm32f4xx_hal_msp.o
    0x08002e0a   0x08002e0a   0x00000002   PAD
    0x08002e0c   0x08002e0c   0x00000014   Code   RO          643    .text.HAL_NVIC_EnableIRQ  stm32f4xx_hal_cortex.o
    0x08002e20   0x08002e20   0x00000032   Code   RO          635    .text.HAL_NVIC_SetPriority  stm32f4xx_hal_cortex.o
    0x08002e52   0x08002e52   0x00000002   PAD
    0x08002e54   0x08002e54   0x00000010   Code   RO          631    .text.HAL_NVIC_SetPriorityGrouping  stm32f4xx_hal_cortex.o
    0x08002e64   0x08002e64   0x00000262   Code   RO          363    .text.HAL_RCC_ClockConfig  stm32f4xx_hal_rcc.o
    0x080030c6   0x080030c6   0x00000002   PAD
    0x080030c8   0x080030c8   0x0000000c   Code   RO          373    .text.HAL_RCC_GetHCLKFreq  stm32f4xx_hal_rcc.o
    0x080030d4   0x080030d4   0x00000022   Code   RO          375    .text.HAL_RCC_GetPCLK1Freq  stm32f4xx_hal_rcc.o
    0x080030f6   0x080030f6   0x00000002   PAD
    0x080030f8   0x080030f8   0x000000e6   Code   RO          365    .text.HAL_RCC_GetSysClockFreq  stm32f4xx_hal_rcc.o
    0x080031de   0x080031de   0x00000002   PAD
    0x080031e0   0x080031e0   0x000006be   Code   RO          361    .text.HAL_RCC_OscConfig  stm32f4xx_hal_rcc.o
    0x0800389e   0x0800389e   0x00000002   PAD
    0x080038a0   0x080038a0   0x00000010   Code   RO          655    .text.HAL_SYSTICK_Config  stm32f4xx_hal_cortex.o
    0x080038b0   0x080038b0   0x00000008   Code   RO         1120    .text.HAL_TIMEx_BreakCallback  stm32f4xx_hal_tim_ex.o
    0x080038b8   0x080038b8   0x00000008   Code   RO         1116    .text.HAL_TIMEx_CommutCallback  stm32f4xx_hal_tim_ex.o
    0x080038c0   0x080038c0   0x000000b2   Code   RO         1112    .text.HAL_TIMEx_ConfigBreakDeadTime  stm32f4xx_hal_tim_ex.o
    0x08003972   0x08003972   0x00000002   PAD
    0x08003974   0x08003974   0x00000122   Code   RO         1110    .text.HAL_TIMEx_MasterConfigSynchronization  stm32f4xx_hal_tim_ex.o
    0x08003a96   0x08003a96   0x00000002   PAD
    0x08003a98   0x08003a98   0x0000009c   Code   RO          797    .text.HAL_TIM_Base_Init  stm32f4xx_hal_tim.o
    0x08003b34   0x08003b34   0x0000033a   Code   RO          113    .text.HAL_TIM_Base_MspInit  tim.o
    0x08003e6e   0x08003e6e   0x00000002   PAD
    0x08003e70   0x08003e70   0x000000f6   Code   RO          811    .text.HAL_TIM_Base_Start_IT  stm32f4xx_hal_tim.o
    0x08003f66   0x08003f66   0x00000002   PAD
    0x08003f68   0x08003f68   0x00000184   Code   RO          989    .text.HAL_TIM_ConfigClockSource  stm32f4xx_hal_tim.o
    0x080040ec   0x080040ec   0x00000008   Code   RO          933    .text.HAL_TIM_IC_CaptureCallback  stm32f4xx_hal_tim.o
    0x080040f4   0x080040f4   0x00000130   Code   RO          953    .text.HAL_TIM_IC_ConfigChannel  stm32f4xx_hal_tim.o
    0x08004224   0x08004224   0x0000009c   Code   RO          871    .text.HAL_TIM_IC_Init  stm32f4xx_hal_tim.o
    0x080042c0   0x080042c0   0x00000008   Code   RO          873    .text.HAL_TIM_IC_MspInit  stm32f4xx_hal_tim.o
    0x080042c8   0x080042c8   0x00000236   Code   RO          879    .text.HAL_TIM_IC_Start  stm32f4xx_hal_tim.o
    0x080044fe   0x080044fe   0x00000002   PAD
    0x08004500   0x08004500   0x000000ea   Code   RO          881    .text.HAL_TIM_IC_Stop  stm32f4xx_hal_tim.o
    0x080045ea   0x080045ea   0x00000002   PAD
    0x080045ec   0x080045ec   0x0000021a   Code   RO          931    .text.HAL_TIM_IRQHandler  stm32f4xx_hal_tim.o
    0x08004806   0x08004806   0x00000002   PAD
    0x08004808   0x08004808   0x000001b8   Code   RO           93    .text.HAL_TIM_MspPostInit  tim.o
    0x080049c0   0x080049c0   0x00000008   Code   RO          935    .text.HAL_TIM_OC_DelayElapsedCallback  stm32f4xx_hal_tim.o
    0x080049c8   0x080049c8   0x00000142   Code   RO          963    .text.HAL_TIM_PWM_ConfigChannel  stm32f4xx_hal_tim.o
    0x08004b0a   0x08004b0a   0x00000002   PAD
    0x08004b0c   0x08004b0c   0x0000009c   Code   RO          851    .text.HAL_TIM_PWM_Init  stm32f4xx_hal_tim.o
    0x08004ba8   0x08004ba8   0x00000008   Code   RO          853    .text.HAL_TIM_PWM_MspInit  stm32f4xx_hal_tim.o
    0x08004bb0   0x08004bb0   0x00000008   Code   RO          937    .text.HAL_TIM_PWM_PulseFinishedCallback  stm32f4xx_hal_tim.o
    0x08004bb8   0x08004bb8   0x000001ca   Code   RO          859    .text.HAL_TIM_PWM_Start  stm32f4xx_hal_tim.o
    0x08004d82   0x08004d82   0x00000002   PAD
    0x08004d84   0x08004d84   0x0000003a   Code   RO           27    .text.HAL_TIM_PeriodElapsedCallback  main.o
    0x08004dbe   0x08004dbe   0x00000002   PAD
    0x08004dc0   0x08004dc0   0x00000008   Code   RO          941    .text.HAL_TIM_TriggerCallback  stm32f4xx_hal_tim.o
    0x08004dc8   0x08004dc8   0x00000004   Code   RO          136    .text.HardFault_Handler  stm32f4xx_it.o
    0x08004dcc   0x08004dcc   0x00000064   Code   RO          349    .text.I2C_IsAcknowledgeFailed  stm32f4xx_hal_i2c.o
    0x08004e30   0x08004e30   0x000001e2   Code   RO          243    .text.I2C_RequestMemoryRead  stm32f4xx_hal_i2c.o
    0x08005012   0x08005012   0x00000002   PAD
    0x08005014   0x08005014   0x00000108   Code   RO          197    .text.I2C_WaitOnFlagUntilTimeout  stm32f4xx_hal_i2c.o
    0x0800511c   0x0800511c   0x00000154   Code   RO          347    .text.I2C_WaitOnMasterAddressFlagUntilTimeout  stm32f4xx_hal_i2c.o
    0x08005270   0x08005270   0x000000dc   Code   RO          209    .text.I2C_WaitOnRXNEFlagUntilTimeout  stm32f4xx_hal_i2c.o
    0x0800534c   0x0800534c   0x000000a8   Code   RO          201    .text.I2C_WaitOnTXEFlagUntilTimeout  stm32f4xx_hal_i2c.o
    0x080053f4   0x080053f4   0x0000001a   Code   RO         1193    .text.IIC_Get_Digtal  hiic.o
    0x0800540e   0x0800540e   0x00000002   PAD
    0x08005410   0x08005410   0x0000001a   Code   RO         1195    .text.IIC_Get_Digtal2  hiic.o
    0x0800542a   0x0800542a   0x00000002   PAD
    0x0800542c   0x0800542c   0x0000001a   Code   RO         1197    .text.IIC_Get_Digtal3  hiic.o
    0x08005446   0x08005446   0x00000002   PAD
    0x08005448   0x08005448   0x00000048   Code   RO         1177    .text.IIC_ReadBytes  hiic.o
    0x08005490   0x08005490   0x00000048   Code   RO         1179    .text.IIC_ReadBytes2  hiic.o
    0x080054d8   0x080054d8   0x00000048   Code   RO         1181    .text.IIC_ReadBytes3  hiic.o
    0x08005520   0x08005520   0x000001a4   Code   RO           63    .text.MX_GPIO_Init  gpio.o
    0x080056c4   0x080056c4   0x00000048   Code   RO           71    .text.MX_I2C1_Init  i2c.o
    0x0800570c   0x0800570c   0x00000048   Code   RO           73    .text.MX_I2C2_Init  i2c.o
    0x08005754   0x08005754   0x00000048   Code   RO           75    .text.MX_I2C3_Init  i2c.o
    0x0800579c   0x0800579c   0x000000c6   Code   RO          111    .text.MX_TIM12_Init  tim.o
    0x08005862   0x08005862   0x00000002   PAD
    0x08005864   0x08005864   0x0000011a   Code   RO           91    .text.MX_TIM1_Init  tim.o
    0x0800597e   0x0800597e   0x00000002   PAD
    0x08005980   0x08005980   0x000000d2   Code   RO           95    .text.MX_TIM2_Init  tim.o
    0x08005a52   0x08005a52   0x00000002   PAD
    0x08005a54   0x08005a54   0x000000d6   Code   RO           97    .text.MX_TIM3_Init  tim.o
    0x08005b2a   0x08005b2a   0x00000002   PAD
    0x08005b2c   0x08005b2c   0x000000d6   Code   RO           99    .text.MX_TIM4_Init  tim.o
    0x08005c02   0x08005c02   0x00000002   PAD
    0x08005c04   0x08005c04   0x000000d8   Code   RO          101    .text.MX_TIM5_Init  tim.o
    0x08005cdc   0x08005cdc   0x0000005a   Code   RO          103    .text.MX_TIM6_Init  tim.o
    0x08005d36   0x08005d36   0x00000002   PAD
    0x08005d38   0x08005d38   0x0000005a   Code   RO          105    .text.MX_TIM7_Init  tim.o
    0x08005d92   0x08005d92   0x00000002   PAD
    0x08005d94   0x08005d94   0x000000ec   Code   RO          107    .text.MX_TIM8_Init  tim.o
    0x08005e80   0x08005e80   0x000000c6   Code   RO          109    .text.MX_TIM9_Init  tim.o
    0x08005f46   0x08005f46   0x00000002   PAD
    0x08005f48   0x08005f48   0x00000004   Code   RO          138    .text.MemManage_Handler  stm32f4xx_it.o
    0x08005f4c   0x08005f4c   0x00000004   PAD
    0x08005f50   0x08005f50   0x00000388   Code   RO         1220    .text.Motor_pid     pid.o
    0x080062d8   0x080062d8   0x00000004   Code   RO          134    .text.NMI_Handler   stm32f4xx_it.o
    0x080062dc   0x080062dc   0x0000006c   Code   RO          641    .text.NVIC_EncodePriority  stm32f4xx_hal_cortex.o
    0x08006348   0x08006348   0x000000da   Code   RO         1298    .text.Obstacle_find  status.o
    0x08006422   0x08006422   0x00000002   PAD
    0x08006424   0x08006424   0x0000003a   Code   RO         1218    .text.PID_Init      pid.o
    0x0800645e   0x0800645e   0x00000002   PAD
    0x08006460   0x08006460   0x00000002   Code   RO          148    .text.PendSV_Handler  stm32f4xx_it.o
    0x08006462   0x08006462   0x00000002   PAD
    0x08006464   0x08006464   0x00000070   Code   RO         1294    .text.Position_begin_predict  status.o
    0x080064d4   0x080064d4   0x0000008a   Code   RO         1155    .text.Rotation_Deg  chassis.o
    0x0800655e   0x0800655e   0x00000002   PAD
    0x08006560   0x08006560   0x00000002   Code   RO          144    .text.SVC_Handler   stm32f4xx_it.o
    0x08006562   0x08006562   0x00000002   PAD
    0x08006564   0x08006564   0x0000011c   Code   RO         1252    .text.Set_Angle     steppermotor.o
    0x08006680   0x08006680   0x00000274   Code   RO         1250    .text.Set_Motor_Speed  steppermotor.o
    0x080068f4   0x080068f4   0x00000004   PAD
    0x080068f8   0x080068f8   0x00000518   Code   RO         1233    .text.Speed_Correction  sensor.o
    0x08006e10   0x08006e10   0x000002f8   Code   RO         1153    .text.Start_Trace   chassis.o
    0x08007108   0x08007108   0x00000238   Code   RO         1151    .text.Stop_All      chassis.o
    0x08007340   0x08007340   0x00000052   Code   RO          657    .text.SysTick_Config  stm32f4xx_hal_cortex.o
    0x08007392   0x08007392   0x00000002   PAD
    0x08007394   0x08007394   0x00000008   Code   RO          150    .text.SysTick_Handler  stm32f4xx_it.o
    0x0800739c   0x0800739c   0x000000ba   Code   RO           13    .text.SystemClock_Config  main.o
    0x08007456   0x08007456   0x00000002   PAD
    0x08007458   0x08007458   0x00000012   Code   RO         1133    .text.SystemInit    system_stm32f4xx.o
    0x0800746a   0x0800746a   0x00000002   PAD
    0x0800746c   0x0800746c   0x00000010   Code   RO          152    .text.TIM5_IRQHandler  stm32f4xx_it.o
    0x0800747c   0x0800747c   0x00000004   PAD
    0x08007480   0x08007480   0x00000278   Code   RO          154    .text.TIM6_DAC_IRQHandler  stm32f4xx_it.o
    0x080076f8   0x080076f8   0x00000010   Code   RO          156    .text.TIM7_IRQHandler  stm32f4xx_it.o
    0x08007708   0x08007708   0x000001a4   Code   RO          801    .text.TIM_Base_SetConfig  stm32f4xx_hal_tim.o
    0x080078ac   0x080078ac   0x00000036   Code   RO          835    .text.TIM_CCxChannelCmd  stm32f4xx_hal_tim.o
    0x080078e2   0x080078e2   0x00000002   PAD
    0x080078e4   0x080078e4   0x00000034   Code   RO          987    .text.TIM_ETR_SetConfig  stm32f4xx_hal_tim.o
    0x08007918   0x08007918   0x0000002a   Code   RO          993    .text.TIM_ITRx_SetConfig  stm32f4xx_hal_tim.o
    0x08007942   0x08007942   0x00000002   PAD
    0x08007944   0x08007944   0x000000ea   Code   RO          945    .text.TIM_OC1_SetConfig  stm32f4xx_hal_tim.o
    0x08007a2e   0x08007a2e   0x00000002   PAD
    0x08007a30   0x08007a30   0x000000f4   Code   RO          947    .text.TIM_OC2_SetConfig  stm32f4xx_hal_tim.o
    0x08007b24   0x08007b24   0x000000f2   Code   RO          949    .text.TIM_OC3_SetConfig  stm32f4xx_hal_tim.o
    0x08007c16   0x08007c16   0x00000002   PAD
    0x08007c18   0x08007c18   0x000000a4   Code   RO          951    .text.TIM_OC4_SetConfig  stm32f4xx_hal_tim.o
    0x08007cbc   0x08007cbc   0x00000050   Code   RO          991    .text.TIM_TI1_ConfigInputStage  stm32f4xx_hal_tim.o
    0x08007d0c   0x08007d0c   0x00000116   Code   RO          955    .text.TIM_TI1_SetConfig  stm32f4xx_hal_tim.o
    0x08007e22   0x08007e22   0x00000002   PAD
    0x08007e24   0x08007e24   0x00000052   Code   RO          995    .text.TIM_TI2_ConfigInputStage  stm32f4xx_hal_tim.o
    0x08007e76   0x08007e76   0x00000002   PAD
    0x08007e78   0x08007e78   0x0000006c   Code   RO          957    .text.TIM_TI2_SetConfig  stm32f4xx_hal_tim.o
    0x08007ee4   0x08007ee4   0x0000006a   Code   RO          959    .text.TIM_TI3_SetConfig  stm32f4xx_hal_tim.o
    0x08007f4e   0x08007f4e   0x00000002   PAD
    0x08007f50   0x08007f50   0x0000006c   Code   RO          961    .text.TIM_TI4_SetConfig  stm32f4xx_hal_tim.o
    0x08007fbc   0x08007fbc   0x00000054   Code   RO         1263    .text.Ultrasonic_Init  ultrasonic.o
    0x08008010   0x08008010   0x00000076   Code   RO         1265    .text.Ultrasonic_Trig_front  ultrasonic.o
    0x08008086   0x08008086   0x00000002   PAD
    0x08008088   0x08008088   0x00000070   Code   RO         1267    .text.Ultrasonic_Trig_left  ultrasonic.o
    0x080080f8   0x080080f8   0x0000007c   Code   RO         1269    .text.Ultrasonic_Trig_right  ultrasonic.o
    0x08008174   0x08008174   0x00000046   Code   RO         1296    .text.Update_Status_Lib  status.o
    0x080081ba   0x080081ba   0x00000002   PAD
    0x080081bc   0x080081bc   0x00000004   Code   RO          142    .text.UsageFault_Handler  stm32f4xx_it.o
    0x080081c0   0x080081c0   0x00000030   Code   RO          645    .text.__NVIC_EnableIRQ  stm32f4xx_hal_cortex.o
    0x080081f0   0x080081f0   0x00000010   Code   RO          637    .text.__NVIC_GetPriorityGrouping  stm32f4xx_hal_cortex.o
    0x08008200   0x08008200   0x00000042   Code   RO          639    .text.__NVIC_SetPriority  stm32f4xx_hal_cortex.o
    0x08008242   0x08008242   0x00000002   PAD
    0x08008244   0x08008244   0x0000003c   Code   RO          633    .text.__NVIC_SetPriorityGrouping  stm32f4xx_hal_cortex.o
    0x08008280   0x08008280   0x00000158   Code   RO           11    .text.main          main.o
    0x080083d8   0x080083d8   0x00000076   Code   RO           23    .text.wait_fun      main.o
    0x0800844e   0x0800844e   0x00000002   PAD
    0x08008450   0x08008450   0x00000038   Code   RO           25    .text.wait_ms       main.o
    0x08008488   0x08008488   0x0000000e   Code   RO         1405    i.__scatterload_copy  mc_w.l(handlers.o)
    0x08008496   0x08008496   0x00000002   Code   RO         1406    i.__scatterload_null  mc_w.l(handlers.o)
    0x08008498   0x08008498   0x0000000e   Code   RO         1407    i.__scatterload_zeroinit  mc_w.l(handlers.o)
    0x080084a6   0x080084a6   0x00000002   PAD
    0x080084a8   0x080084a8   0x00000050   Code   RO         1324    i.free              mc_w.l(malloc.o)
    0x080084f8   0x080084f8   0x0000006c   Code   RO         1325    i.malloc            mc_w.l(malloc.o)
    0x08008564   0x08008564   0x00000010   Data   RO         1138    .rodata.AHBPrescTable  system_stm32f4xx.o
    0x08008574   0x08008574   0x00000008   Data   RO         1139    .rodata.APBPrescTable  system_stm32f4xx.o
    0x0800857c   0x0800857c   0x00000020   Data   RO         1404    Region$$Table       anon$$obj.o


    Execution Region RW_IRAM1 (Exec base: 0x20000000, Load base: 0x080085a0, Size: 0x00000970, Max: 0x0001c000, ABSOLUTE)

    Exec Addr    Load Addr    Size         Type   Attr      Idx    E Section Name        Object

    0x20000000   0x080085a0   0x00000004   Data   RW         1394    .data               mc_w.l(mvars.o)
    0x20000004   0x080085a4   0x00000004   Data   RW         1395    .data               mc_w.l(mvars.o)
    0x20000008   0x080085a8   0x00000004   Data   RW          168    .data.Back_dis      stm32f4xx_it.o
    0x2000000c   0x080085ac   0x00000004   Data   RW           52    .data.Car_Speed     main.o
    0x20000010   0x080085b0   0x00000004   Data   RW          169    .data.Forward_dis   stm32f4xx_it.o
    0x20000014   0x080085b4   0x00000004   Data   RW          167    .data.Left_dis      stm32f4xx_it.o
    0x20000018   0x080085b8   0x00000004   Data   RW          166    .data.Right_dis     stm32f4xx_it.o
    0x2000001c   0x080085bc   0x00000004   Data   RW          170    .data.Rotation_Degree  stm32f4xx_it.o
    0x20000020   0x080085c0   0x00000018   Data   RW         1304    .data.Status_lib    status.o
    0x20000038   0x080085d8   0x00000004   Data   RW         1137    .data.SystemCoreClock  system_stm32f4xx.o
    0x2000003c   0x080085dc   0x00000001   Data   RW           48    .data.Trace_flag    main.o
    0x2000003d   0x080085dd   0x00000003   PAD
    0x20000040   0x080085e0   0x00000004   Data   RW         1255    .data.arm_flag      steppermotor.o
    0x20000044   0x080085e4   0x00000001   Data   RW          159    .data.detect_flag   stm32f4xx_it.o
    0x20000045   0x080085e5   0x00000003   PAD
    0x20000048   0x080085e8   0x00000004   Data   RW         1309    .data.move_toward   status.o
    0x2000004c   0x080085ec   0x00000004   Data   RW         1310    .data.pos_begin     status.o
    0x20000050   0x080085f0   0x00000001   Data   RW          763    .data.uwTickFreq    stm32f4xx_hal.o
    0x20000051   0x080085f1   0x00000003   PAD
    0x20000054   0x080085f4   0x00000004   Data   RW          762    .data.uwTickPrio    stm32f4xx_hal.o
    0x20000058        -       0x00000004   Zero   RW          161    .bss.Back_count     stm32f4xx_it.o
    0x2000005c        -       0x0000002c   Zero   RW           53    .bss.Car_pid        main.o
    0x20000088        -       0x00000004   Zero   RW          162    .bss.Forward_count  stm32f4xx_it.o
    0x2000008c        -       0x00000004   Zero   RW          164    .bss.Left_count     stm32f4xx_it.o
    0x20000090        -       0x00000014   Zero   RW         1167    .bss.Motor_V        chassis.o
    0x200000a4        -       0x0000000c   Zero   RW           40    .bss.Move_Time      main.o
    0x200000b0        -       0x00000001   Zero   RW         1165    .bss.Move_status    chassis.o
    0x200000b1   0x080085f8   0x00000003   PAD
    0x200000b4        -       0x00000004   Zero   RW         1277    .bss.Obs_buff_front  ultrasonic.o
    0x200000b8        -       0x00000004   Zero   RW         1278    .bss.Obs_buff_left  ultrasonic.o
    0x200000bc        -       0x00000004   Zero   RW         1279    .bss.Obs_buff_right  ultrasonic.o
    0x200000c0        -       0x00000004   Zero   RW         1280    .bss.Obs_data_ready  ultrasonic.o
    0x200000c4        -       0x00000004   Zero   RW         1274    .bss.Obs_distance_front  ultrasonic.o
    0x200000c8        -       0x00000004   Zero   RW         1275    .bss.Obs_distance_left  ultrasonic.o
    0x200000cc        -       0x00000004   Zero   RW         1276    .bss.Obs_distance_right  ultrasonic.o
    0x200000d0        -       0x00000004   Zero   RW         1281    .bss.Obs_index      ultrasonic.o
    0x200000d4        -       0x00000001   Zero   RW         1271    .bss.Obs_index_front  ultrasonic.o
    0x200000d5        -       0x00000001   Zero   RW         1272    .bss.Obs_index_left  ultrasonic.o
    0x200000d6        -       0x00000001   Zero   RW         1273    .bss.Obs_index_right  ultrasonic.o
    0x200000d7   0x080085f8   0x00000001   PAD
    0x200000d8        -       0x00000004   Zero   RW          165    .bss.Right_count    stm32f4xx_it.o
    0x200000dc        -       0x00000004   Zero   RW          163    .bss.Rotation_count  stm32f4xx_it.o
    0x200000e0        -       0x00000020   Zero   RW           41    .bss.Sensor_Front   main.o
    0x20000100        -       0x00000020   Zero   RW           43    .bss.Sensor_Left    main.o
    0x20000120        -       0x00000020   Zero   RW           42    .bss.Sensor_Right   main.o
    0x20000140        -       0x00000001   Zero   RW         1300    .bss.Status         status.o
    0x20000141   0x080085f8   0x00000003   PAD
    0x20000144        -       0x00000004   Zero   RW           39    .bss.Stop_All_flag  main.o
    0x20000148        -       0x00000004   Zero   RW         1223    .bss.V              pid.o
    0x2000014c        -       0x00000004   Zero   RW         1303    .bss.angle          status.o
    0x20000150        -       0x00000004   Zero   RW           33    .bss.arm_num        main.o
    0x20000154        -       0x00000004   Zero   RW         1222    .bss.correction     pid.o
    0x20000158        -       0x00000004   Zero   RW         1242    .bss.cross          sensor.o
    0x2000015c        -       0x00000004   Zero   RW         1306    .bss.cross_h        status.o
    0x20000160        -       0x00000004   Zero   RW         1241    .bss.cross_mark     sensor.o
    0x20000164        -       0x00000004   Zero   RW         1305    .bss.cross_v        status.o
    0x20000168        -       0x00000004   Zero   RW         1302    .bss.cycle          status.o
    0x2000016c        -       0x00000010   Zero   RW           49    .bss.flag           main.o
    0x2000017c        -       0x00000054   Zero   RW           81    .bss.hi2c1          i2c.o
    0x200001d0        -       0x00000054   Zero   RW           82    .bss.hi2c2          i2c.o
    0x20000224        -       0x00000054   Zero   RW           83    .bss.hi2c3          i2c.o
    0x20000278        -       0x00000048   Zero   RW          117    .bss.htim1          tim.o
    0x200002c0        -       0x00000048   Zero   RW          126    .bss.htim12         tim.o
    0x20000308        -       0x00000048   Zero   RW          118    .bss.htim2          tim.o
    0x20000350        -       0x00000048   Zero   RW          119    .bss.htim3          tim.o
    0x20000398        -       0x00000048   Zero   RW          120    .bss.htim4          tim.o
    0x200003e0        -       0x00000048   Zero   RW          121    .bss.htim5          tim.o
    0x20000428        -       0x00000048   Zero   RW          122    .bss.htim6          tim.o
    0x20000470        -       0x00000048   Zero   RW          123    .bss.htim7          tim.o
    0x200004b8        -       0x00000048   Zero   RW          124    .bss.htim8          tim.o
    0x20000500        -       0x00000048   Zero   RW          125    .bss.htim9          tim.o
    0x20000548        -       0x00000004   Zero   RW           29    .bss.ms             main.o
    0x2000054c        -       0x00000004   Zero   RW         1301    .bss.next_step      status.o
    0x20000550        -       0x00000004   Zero   RW         1308    .bss.obstacle_h     status.o
    0x20000554        -       0x00000004   Zero   RW         1307    .bss.obstacle_v     status.o
    0x20000558        -       0x00000004   Zero   RW         1254    .bss.target_pulses  steppermotor.o
    0x2000055c        -       0x00000004   Zero   RW          764    .bss.uwTick         stm32f4xx_hal.o
    0x20000560        -       0x00000004   Zero   RW          158    .bss.wait_count     stm32f4xx_it.o
    0x20000564        -       0x00000004   Zero   RW           30    .bss.wait_finish    main.o
    0x20000568        -       0x00000004   Zero   RW           31    .bss.wait_flag      main.o
    0x2000056c        -       0x00000004   Zero   RW           32    .bss.wait_sec       main.o
    0x20000570        -       0x00000200   Zero   RW            2    HEAP                startup_stm32f407xx.o
    0x20000770        -       0x00000200   Zero   RW            1    STACK               startup_stm32f407xx.o


    Execution Region RW_IRAM2 (Exec base: 0x2001c000, Load base: 0x080085f8, Size: 0x00000000, Max: 0x00004000, ABSOLUTE)

    **** No section assigned to this execution region ****


==============================================================================

Image component sizes


      Code (inc. data)   RO Data    RW Data    ZI Data      Debug   Object Name

      2826         80          0          0         21       2858   chassis.o
       420          0          0          0          0       2250   gpio.o
       294          0          0          0          0       3218   hiic.o
       696          0          0          0        252       5731   i2c.o
      1644         44          0          5        192       8431   main.o
      1170         72          0          0          8       1759   pid.o
      2632        120          0          0          8       2653   sensor.o
        36          8        392          0       1024        840   startup_stm32f407xx.o
      2694         32          0         32         29       3187   status.o
       912         12          0          4          4       5018   steppermotor.o
       270          0          0          5          4       7127   stm32f4xx_hal.o
       482          0          0          0          0       9738   stm32f4xx_hal_cortex.o
       996          0          0          0          0       5112   stm32f4xx_hal_gpio.o
      3346          0          0          0          0      37701   stm32f4xx_hal_i2c.o
        74          0          0          0          0       1493   stm32f4xx_hal_msp.o
      2612          0          0          0          0       7616   stm32f4xx_hal_rcc.o
      5786         14          0          0          0      36021   stm32f4xx_hal_tim.o
       484          0          0          0          0      15352   stm32f4xx_hal_tim_ex.o
       698          8          0         21         24       2405   stm32f4xx_it.o
        18          0         24          4          0       2523   system_stm32f4xx.o
      3214          0          0          0        720      12101   tim.o
       438          0          0          0         35       2318   ultrasonic.o

    ----------------------------------------------------------------------
     31872        398        448         80       2328     175452   Object Totals
         0          0         32          0          0          0   (incl. Generated)
       130          8          0          9          7          0   (incl. Padding)

    ----------------------------------------------------------------------

      Code (inc. data)   RO Data    RW Data    ZI Data      Debug   Library Member Name

         0          0          0          0          0          0   entry.o
         0          0          0          0          0          0   entry10a.o
         0          0          0          0          0          0   entry11a.o
         8          4          0          0          0          0   entry2.o
         4          0          0          0          0          0   entry5.o
         0          0          0          0          0          0   entry7b.o
         0          0          0          0          0          0   entry8b.o
         8          4          0          0          0          0   entry9a.o
        30          0          0          0          0          0   handlers.o
        48         10          0          0          0         68   init.o
         0          0          0          0          0          0   iusefp.o
        30          0          0          0          0         68   llshl.o
        36          0          0          0          0         68   llsshr.o
        32          0          0          0          0         68   llushr.o
       188         20          0          0          0        160   malloc.o
        36          0          0          0          0        108   memseta.o
         0          0          0          8          0          0   mvars.o
        98          0          0          0          0         92   uldiv.o
        56          0          0          0          0         88   d2f.o
       334          0          0          0          0        148   dadd.o
        56          0          0          0          0         80   dcmpeq.o
        54          0          0          0          0         80   dcmpgt.o
        54          0          0          0          0         80   dcmplt.o
       222          0          0          0          0        100   ddiv.o
       186          0          0          0          0        176   depilogue.o
        26          0          0          0          0         76   dfltui.o
       228          0          0          0          0         96   dmul.o
        38          0          0          0          0         68   f2d.o
       110          0          0          0          0        168   fepilogue.o

    ----------------------------------------------------------------------
      1884         38          0          8          0       1792   Library Totals
         2          0          0          0          0          0   (incl. Padding)

    ----------------------------------------------------------------------

      Code (inc. data)   RO Data    RW Data    ZI Data      Debug   Library Name

       518         38          0          8          0        632   mc_w.l
      1364          0          0          0          0       1160   mf_w.l

    ----------------------------------------------------------------------
      1884         38          0          8          0       1792   Library Totals

    ----------------------------------------------------------------------

==============================================================================


      Code (inc. data)   RO Data    RW Data    ZI Data      Debug   

     33756        436        448         88       2328     176216   Grand Totals
     33756        436        448         88       2328     176216   ELF Image Totals
     33756        436        448         88          0          0   ROM Totals

==============================================================================

    Total RO  Size (Code + RO Data)                34204 (  33.40kB)
    Total RW  Size (RW Data + ZI Data)              2416 (   2.36kB)
    Total ROM Size (Code + RO Data + RW Data)      34292 (  33.49kB)

==============================================================================

